 MGI:5608368 | B6Brd;B6Dnk;B6N-Tyr<c-Brd> Crlf3<tm1b(KOMP)Wtsi>/Wtsi
 MGI:5703154 | B6Brd;B6Dnk;B6N-Tyr<c-Brd> Pfn1<tm1a(EUCOMM)Wtsi>/Wtsi
 MGI:5704586 | B6Brd;B6Dnk;B6N-Tyr<c-Brd> Pfn1<tm1a(EUCOMM)Wtsi>/Wtsi
 MGI:5700957 | B6Brd;B6Dnk;B6N-Tyr<c-Brd> Pfn1<tm1a(EUCOMM)Wtsi>/Wtsi
 MGI:5701796 | B6Brd;B6Dnk;B6N-Tyr<c-Brd> Pfn1<tm1a(EUCOMM)Wtsi>/Wtsi
 MGI:5631416 | B6Brd;B6Dnk;B6N-Tyr<c-Brd> Pld5<tm1b(KOMP)Wtsi>/Wtsi
 MGI:5608376 | B6Brd;B6Dnk;B6N-Tyr<c-Brd> Slc25a21<tm1a(KOMP)Wtsi>/Wtsi
 MGI:5639407 | B6Brd;B6Dnk;B6N-Tyr<c-Brd> Slc25a21<tm1a(KOMP)Wtsi>/Wtsi
 MGI:5608378 | B6Brd;B6Dnk;B6N-Tyr<c-Brd>-Spns2<tm1b(KOMP)Wtsi>/WtsiH
 MGI:5630791 | C57BL/6N-1110001J03Rik<tm1b(EUCOMM)Wtsi>/Bay
 MGI:5630795 | C57BL/6N-1700003F12Rik<tm1.1(KOMP)Vlcg>/Ucd
 MGI:5639374 | C57BL/6N-1700007G11Rik<tm1b(EUCOMM)Wtsi>/Bay
 MGI:5700791 | C57BL/6N-1700067K01Rik<tm2a(KOMP)Wtsi>/Wtsi
 MGI:5701730 | C57BL/6N-1700067K01Rik<tm2a(KOMP)Wtsi>/Wtsi
 MGI:5703089 | C57BL/6N-1700067K01Rik<tm2a(KOMP)Wtsi>/Wtsi
 MGI:5704521 | C57BL/6N-1700067K01Rik<tm2a(KOMP)Wtsi>/Wtsi
 MGI:5630798 | C57BL/6N-2610318N02Rik<tm1b(EUCOMM)Wtsi>/Wtsi
 MGI:5630805 | C57BL/6N-4933430I17Rik<tm1b(EUCOMM)Wtsi>/Ics
 MGI:5630806 | C57BL/6N-5330417C22Rik<tm1b(EUCOMM)Hmgu>/Ics
 MGI:5630807 | C57BL/6N-5330417C22Rik<tm1b(EUCOMM)Hmgu>/Ics
 MGI:5703090 | C57BL/6N-9130011E15Rik<tm1a(EUCOMM)Wtsi>/Wtsi
 MGI:5704522 | C57BL/6N-9130011E15Rik<tm1a(EUCOMM)Wtsi>/Wtsi
 MGI:5700795 | C57BL/6N-9130011E15Rik<tm1a(EUCOMM)Wtsi>/Wtsi
 MGI:5701731 | C57BL/6N-9130011E15Rik<tm1a(EUCOMM)Wtsi>/Wtsi
 MGI:5630810 | C57BL/6N-Abca6<tm2b(KOMP)Wtsi>/Tcp
 MGI:5608235 | C57BL/6N-Abcb11<tm1b(EUCOMM)Hmgu>/Ieg
 MGI:5630811 | C57BL/6N-Abcb9<tm1b(KOMP)Wtsi>/Tcp
 MGI:5630812 | C57BL/6N-Abcc2<tm2b(KOMP)Wtsi>/H
 MGI:5630813 | C57BL/6N-Abi3bp<tm1e.1(KOMP)Mbp>/Tcp
 MGI:5630814 | C57BL/6N-Abo<tm1.1(KOMP)Vlcg>/Ucd
 MGI:5630817 | C57BL/6N-Acat2<tm1b(KOMP)Wtsi>/Bay
 MGI:5630818 | C57BL/6N-Acbd3<tm1b(EUCOMM)Hmgu>/Ieg
 MGI:5630819 | C57BL/6N-Acbd3<tm1b(EUCOMM)Hmgu>/Ieg
 MGI:5608455 | C57BL/6N-Actn4<tm1a(EUCOMM)Wtsi>/Wtsi
 MGI:5704523 | C57BL/6N-Actn4<tm1a(EUCOMM)Wtsi>/Wtsi
 MGI:5703091 | C57BL/6N-Actn4<tm1a(EUCOMM)Wtsi>/Wtsi
 MGI:5700804 | C57BL/6N-Actn4<tm1a(EUCOMM)Wtsi>/Wtsi
 MGI:5701732 | C57BL/6N-Actn4<tm1a(EUCOMM)Wtsi>/Wtsi
 MGI:5701733 | C57BL/6N-Actr6<tm1a(EUCOMM)Wtsi>/Wtsi
 MGI:5700805 | C57BL/6N-Actr6<tm1a(EUCOMM)Wtsi>/Wtsi
 MGI:5704524 | C57BL/6N-Actr6<tm1a(EUCOMM)Wtsi>/Wtsi
 MGI:5608430 | C57BL/6N-Actr6<tm1a(EUCOMM)Wtsi>/Wtsi
 MGI:5703092 | C57BL/6N-Actr6<tm1a(EUCOMM)Wtsi>/Wtsi
 MGI:5630827 | C57BL/6N-Acvr1b<tm1.1(KOMP)Vlcg>/Ucd
 MGI:5608326 | C57BL/6N-Acvr1b<tm1.1(KOMP)Vlcg>/Ucd
 MGI:5704525 | C57BL/6N-Acvr1<tm1.1(KOMP)Vlcg>/Ucd
 MGI:5700806 | C57BL/6N-Acvr1<tm1.1(KOMP)Vlcg>/Ucd
 MGI:5701734 | C57BL/6N-Acvr1<tm1.1(KOMP)Vlcg>/Ucd
 MGI:5703093 | C57BL/6N-Acvr1<tm1.1(KOMP)Vlcg>/Ucd
 MGI:5630825 | C57BL/6N-Acvr1<tm1.1(KOMP)Vlcg>/Ucd
 MGI:5608330 | C57BL/6N-Acvr2a<tm1.1(KOMP)Vlcg>/Ucd
 MGI:5701735 | C57BL/6N-Acvr2b<tm1.1(KOMP)Vlcg>/Ucd
 MGI:5704526 | C57BL/6N-Acvr2b<tm1.1(KOMP)Vlcg>/Ucd
 MGI:5703094 | C57BL/6N-Acvr2b<tm1.1(KOMP)Vlcg>/Ucd
 MGI:5700807 | C57BL/6N-Acvr2b<tm1.1(KOMP)Vlcg>/Ucd
 MGI:5701736 | C57BL/6N-Adgrb1<tm2a(EUCOMM)Wtsi>/Wtsi
 MGI:5703095 | C57BL/6N-Adgrb1<tm2a(EUCOMM)Wtsi>/Wtsi
 MGI:5704527 | C57BL/6N-Adgrb1<tm2a(EUCOMM)Wtsi>/Wtsi
 MGI:5608482 | C57BL/6N-Adgrb1<tm2a(EUCOMM)Wtsi>/Wtsi
 MGI:5700809 | C57BL/6N-Adgrb1<tm2a(EUCOMM)Wtsi>/Wtsi
 MGI:5608351 | C57BL/6N-Adgrf5<tm1b(KOMP)Wtsi>/Tcp
 MGI:5608280 | C57BL/6N-Adh5<tm1b(EUCOMM)Wtsi>/H
 MGI:5630833 | C57BL/6N-Adsl<tm1b(KOMP)Wtsi>/Bay
 MGI:5630835 | C57BL/6N-Aff3<tm1a(EUCOMM)Wtsi>/Wtsi
 MGI:5703096 | C57BL/6N-Aff3<tm1a(EUCOMM)Wtsi>/Wtsi
 MGI:5701737 | C57BL/6N-Aff3<tm1a(EUCOMM)Wtsi>/Wtsi
 MGI:5704528 | C57BL/6N-Aff3<tm1a(EUCOMM)Wtsi>/Wtsi
 MGI:5700811 | C57BL/6N-Aff3<tm1a(EUCOMM)Wtsi>/Wtsi
 MGI:5608284 | C57BL/6N-Agl<tm1b(EUCOMM)Wtsi>/H
 MGI:5608285 | C57BL/6N-Agl<tm1b(EUCOMM)Wtsi>/H
 MGI:5630840 | C57BL/6N-Ahcy<tm1b(EUCOMM)Hmgu>/Tcp
 MGI:5630839 | C57BL/6N-Ahcy<tm1b(EUCOMM)Hmgu>/Tcp
 MGI:5630843 | C57BL/6N-Ahsa2<tm1b(EUCOMM)Wtsi>/Ics
 MGI:5630844 | C57BL/6N-Aim1<tm1b(KOMP)Wtsi>/Tcp
 MGI:5630845 | C57BL/6N-Aim1<tm1b(KOMP)Wtsi>/Tcp
 MGI:5630846 | C57BL/6N-Aldoc<tm1.1(KOMP)Vlcg>/Ucd
 MGI:5630847 | C57BL/6N-Alg10b<tm1.1(KOMP)Vlcg>/Bay
 MGI:5630849 | C57BL/6N-Alox12e<tm1b(EUCOMM)Wtsi>/Wtsi
 MGI:5608345 | C57BL/6N-Ampd1<tm1b(KOMP)Wtsi>/Ucd
 MGI:5630850 | C57BL/6N-Ampd1<tm1b(KOMP)Wtsi>/Ucd
 MGI:5608487 | C57BL/6N-Ap2a2<tm1b(EUCOMM)Wtsi>/Wtsi
 MGI:5608488 | C57BL/6N-Ap2a2<tm1b(EUCOMM)Wtsi>/Wtsi
 MGI:5630853 | C57BL/6N-Ap3s1<tm1b(EUCOMM)Hmgu>/Ieg
 MGI:5608306 | C57BL/6N-Ap3s2<tm1b(EUCOMM)Hmgu>/Cnrm
 MGI:5630854 | C57BL/6N-Ap4e1<tm1b(KOMP)Wtsi>/Wtsi
 MGI:5630855 | C57BL/6N-Aph1c<tm1b(KOMP)Wtsi>/H
 MGI:5608427 | C57BL/6N-Apol7a<tm1a(KOMP)Wtsi>/Wtsi
 MGI:5642419 | C57BL/6N-Aqp6<tm1b(EUCOMM)Hmgu>/Ieg
 MGI:5630858 | C57BL/6N-Arhgap33<tm1b(KOMP)Wtsi>/Bay
 MGI:5630859 | C57BL/6N-Arhgef11<tm1b(KOMP)Wtsi>/H
 MGI:5703097 | C57BL/6N-Arhgef7<tm1a(EUCOMM)Wtsi>/Wtsi
 MGI:5704529 | C57BL/6N-Arhgef7<tm1a(EUCOMM)Wtsi>/Wtsi
 MGI:5700816 | C57BL/6N-Arhgef7<tm1a(EUCOMM)Wtsi>/Wtsi
 MGI:5701738 | C57BL/6N-Arhgef7<tm1a(EUCOMM)Wtsi>/Wtsi
 MGI:5700817 | C57BL/6N-Arl5c<tm1.1(KOMP)Vlcg>/Ucd
 MGI:5608479 | C57BL/6N-Arpc3<tm1a(EUCOMM)Wtsi>/Wtsi
 MGI:5630867 | C57BL/6N-Asb15<tm1b(KOMP)Wtsi>/Ucd
 MGI:5630868 | C57BL/6N-Ascc2<tm1a(EUCOMM)Wtsi>/Bay
 MGI:5630870 | C57BL/6N-Ascc2<tm1b(EUCOMM)Wtsi>/Bay
 MGI:5630869 | C57BL/6N-Ascc2<tm1b(EUCOMM)Wtsi>/Bay
 MGI:5642420 | C57BL/6N-Atf3<tm2b(EUCOMM)Wtsi>/H
 MGI:5700820 | C57BL/6N-Atf6b<tm1.1(KOMP)Vlcg>/Ucd
 MGI:5701739 | C57BL/6N-Atf6b<tm1.1(KOMP)Vlcg>/Ucd
 MGI:5703098 | C57BL/6N-Atf6b<tm1.1(KOMP)Vlcg>/Ucd
 MGI:5704530 | C57BL/6N-Atf6b<tm1.1(KOMP)Vlcg>/Ucd
 MGI:5630872 | C57BL/6N-Atg3<tm1b(EUCOMM)Hmgu>/Cnrm
 MGI:5608298 | C57BL/6N-Atg3<tm1b(EUCOMM)Hmgu>/Cnrm
 MGI:5704520 | C57BL/6N-A<tm1Brd> 1110037F02Rik<tm1a(KOMP)Wtsi>/WtsiH
 MGI:5703088 | C57BL/6N-A<tm1Brd> 1110037F02Rik<tm1a(KOMP)Wtsi>/WtsiH
 MGI:5630792 | C57BL/6N-A<tm1Brd> 1110037F02Rik<tm1a(KOMP)Wtsi>/WtsiH
 MGI:5700790 | C57BL/6N-A<tm1Brd> 1110037F02Rik<tm1a(KOMP)Wtsi>/WtsiH
 MGI:5701729 | C57BL/6N-A<tm1Brd> 1110037F02Rik<tm1a(KOMP)Wtsi>/WtsiH
 MGI:5608445 | C57BL/6N-A<tm1Brd> 1700123O20Rik<tm1a(EUCOMM)Wtsi>/WtsiFlmg
 MGI:5608443 | C57BL/6N-A<tm1Brd> Dmxl2<tm1a(EUCOMM)Wtsi>/WtsiH
 MGI:5704549 | C57BL/6N-A<tm1Brd> Dmxl2<tm1a(EUCOMM)Wtsi>/WtsiH
 MGI:5700868 | C57BL/6N-A<tm1Brd> Dmxl2<tm1a(EUCOMM)Wtsi>/WtsiH
 MGI:5701759 | C57BL/6N-A<tm1Brd> Dmxl2<tm1a(EUCOMM)Wtsi>/WtsiH
 MGI:5703117 | C57BL/6N-A<tm1Brd> Dmxl2<tm1a(EUCOMM)Wtsi>/WtsiH
 MGI:5700869 | C57BL/6N-A<tm1Brd> Dph2<tm2(EUCOMM)Wtsi>/WtsiH
 MGI:5704550 | C57BL/6N-A<tm1Brd> Dph2<tm2(EUCOMM)Wtsi>/WtsiH
 MGI:5703118 | C57BL/6N-A<tm1Brd> Dph2<tm2(EUCOMM)Wtsi>/WtsiH
 MGI:5701760 | C57BL/6N-A<tm1Brd> Dph2<tm2(EUCOMM)Wtsi>/WtsiH
 MGI:5631072 | C57BL/6N-A<tm1Brd> Dph2<tm2(EUCOMM)Wtsi>/WtsiH
 MGI:5608276 | C57BL/6N-Atn1<tm1b(EUCOMM)Wtsi>/Cnrm
 MGI:5701740 | C57BL/6N-Atp11a<tm1a(KOMP)Wtsi>/Wtsi
 MGI:5700822 | C57BL/6N-Atp11a<tm1a(KOMP)Wtsi>/Wtsi
 MGI:5703099 | C57BL/6N-Atp11a<tm1a(KOMP)Wtsi>/Wtsi
 MGI:5704531 | C57BL/6N-Atp11a<tm1a(KOMP)Wtsi>/Wtsi
 MGI:5630874 | C57BL/6N-Atp2a2<tm1b(EUCOMM)Hmgu>/H
 MGI:5630875 | C57BL/6N-Atp2a2<tm1b(EUCOMM)Hmgu>/H
 MGI:5630876 | C57BL/6N-Atp2b1<tm1b(KOMP)Wtsi>/Tcp
 MGI:5630877 | C57BL/6N-Atp2b1<tm1b(KOMP)Wtsi>/Tcp
 MGI:5630878 | C57BL/6N-Atp5b<tm1b(EUCOMM)Hmgu>/Tcp
 MGI:5608354 | C57BL/6N-Atp6v0a1<tm1b(EUCOMM)Hmgu>/Tcp
 MGI:5630879 | C57BL/6N-Atp6v0a1<tm1b(EUCOMM)Hmgu>/Tcp
 MGI:5630880 | C57BL/6N-Atp6v1b2<tm1b(KOMP)Wtsi>/Tcp
 MGI:5630881 | C57BL/6N-Atp6v1b2<tm1b(KOMP)Wtsi>/Tcp
 MGI:5630883 | C57BL/6N-Atp6v1d<tm1b(EUCOMM)Hmgu>/Ics
 MGI:5630884 | C57BL/6N-Atp6v1d<tm1b(EUCOMM)Hmgu>/Tcp
 MGI:5630882 | C57BL/6N-Atp6v1d<tm1b(EUCOMM)Hmgu>/Tcp
 MGI:5630890 | C57BL/6N-Avpi1<tm1b(EUCOMM)Hmgu>/Cnrm
 MGI:5630891 | C57BL/6N-B020004J07Rik<tm1a(KOMP)Wtsi>/Tcp
 MGI:5608308 | C57BL/6N-Bag3<tm1b(EUCOMM)Hmgu>/H
 MGI:5630896 | C57BL/6N-Bag3<tm1b(EUCOMM)Hmgu>/H
 MGI:5630897 | C57BL/6N-Baiap2l2<tm1a(EUCOMM)Hmgu>/Ics
 MGI:5630898 | C57BL/6N-Baiap2l2<tm1b(EUCOMM)Hmgu>/Ics
 MGI:5701741 | C57BL/6N-Bap1<tm1a(EUCOMM)Hmgu>/Wtsi
 MGI:5704532 | C57BL/6N-Bap1<tm1a(EUCOMM)Hmgu>/Wtsi
 MGI:5700826 | C57BL/6N-Bap1<tm1a(EUCOMM)Hmgu>/Wtsi
 MGI:5703100 | C57BL/6N-Bap1<tm1a(EUCOMM)Hmgu>/Wtsi
 MGI:5630899 | C57BL/6N-Barx2<tm1b(EUCOMM)Hmgu>/H
 MGI:5630900 | C57BL/6N-Baz1a<tm1b(EUCOMM)Hmgu>/Tcp
 MGI:5630901 | C57BL/6N-Bbox1<tm1b(KOMP)Wtsi>/Bay
 MGI:5630893 | C57BL/6N-BC023829<tm1a(KOMP)Wtsi>/Wtsi
 MGI:5608301 | C57BL/6N-BC055324<tm1b(EUCOMM)Hmgu>/H
 MGI:5630894 | C57BL/6N-BC055324<tm1b(EUCOMM)Hmgu>/H
 MGI:5630908 | C57BL/6N-Bmx<tm1b(EUCOMM)Wtsi>/Ics
 MGI:5630909 | C57BL/6N-Boc<tm1b(KOMP)Wtsi>/H
 MGI:5630910 | C57BL/6N-Bok<tm1b(EUCOMM)Hmgu>/Tcp
 MGI:5630911 | C57BL/6N-Bphl<tm1b(EUCOMM)Hmgu>/Ics
 MGI:5630913 | C57BL/6N-Btbd9<tm1b(EUCOMM)Wtsi>/Ieg
 MGI:5608289 | C57BL/6N-Btrc<tm1b(KOMP)Wtsi>/H
 MGI:5630917 | C57BL/6N-C1qtnf2<tm2b(KOMP)Wtsi>/H
 MGI:5608297 | C57BL/6N-C1rl<tm1b(EUCOMM)Hmgu>/H
 MGI:5608293 | C57BL/6N-Cabp1<tm1b(EUCOMM)Wtsi>/H
 MGI:5630921 | C57BL/6N-Cacna1b<tm1b(KOMP)Wtsi>/H
 MGI:5630925 | C57BL/6N-Car4<tm1b(EUCOMM)Wtsi>/Ieg
 MGI:5630924 | C57BL/6N-Car4<tm1b(EUCOMM)Wtsi>/Ieg
 MGI:5700830 | C57BL/6N-Casq2<tm1b(KOMP)Wtsi>/Ucd
 MGI:5608343 | C57BL/6N-Casq2<tm1b(KOMP)Wtsi>/Ucd
 MGI:5703101 | C57BL/6N-Casq2<tm1b(KOMP)Wtsi>/Ucd
 MGI:5701742 | C57BL/6N-Casq2<tm1b(KOMP)Wtsi>/Ucd
 MGI:5704533 | C57BL/6N-Casq2<tm1b(KOMP)Wtsi>/Ucd
 MGI:5642421 | C57BL/6N-Casz1<tm1b(EUCOMM)Hmgu>/H
 MGI:5630935 | C57BL/6N-Cbx2<tm1b(KOMP)Wtsi>/H
 MGI:5630934 | C57BL/6N-Cbx2<tm1b(KOMP)Wtsi>/H
 MGI:5630936 | C57BL/6N-Cbx4<tm1.1(KOMP)Vlcg>/Tcp
 MGI:5642422 | C57BL/6N-Ccdc109b<tm1b(KOMP)Mbp>/H
 MGI:5704534 | C57BL/6N-Ccdc122<tm1a(KOMP)Wtsi>/Wtsi
 MGI:5701743 | C57BL/6N-Ccdc122<tm1a(KOMP)Wtsi>/Wtsi
 MGI:5703102 | C57BL/6N-Ccdc122<tm1a(KOMP)Wtsi>/Wtsi
 MGI:5700831 | C57BL/6N-Ccdc122<tm1a(KOMP)Wtsi>/Wtsi
 MGI:5630937 | C57BL/6N-Ccdc122<tm1a(KOMP)Wtsi>/Wtsi
 MGI:5704535 | C57BL/6N-Ccdc134<tm1a(KOMP)Wtsi>/Wtsi
 MGI:5700832 | C57BL/6N-Ccdc134<tm1a(KOMP)Wtsi>/Wtsi
 MGI:5701744 | C57BL/6N-Ccdc134<tm1a(KOMP)Wtsi>/Wtsi
 MGI:5703103 | C57BL/6N-Ccdc134<tm1a(KOMP)Wtsi>/Wtsi
 MGI:5630939 | C57BL/6N-Ccdc134<tm1a(KOMP)Wtsi>/Wtsi
 MGI:5630943 | C57BL/6N-Ccdc94<tm1b(KOMP)Wtsi>/Bay
 MGI:5630942 | C57BL/6N-Ccdc94<tm1b(KOMP)Wtsi>/Bay
 MGI:5642423 | C57BL/6N-Ccnb1<tm1b(KOMP)Wtsi>/H
 MGI:5630944 | C57BL/6N-Cd109<tm1.1(KOMP)Vlcg>/Tcp
 MGI:5630948 | C57BL/6N-Cdc26<tm1b(EUCOMM)Hmgu>/Ics
 MGI:5630949 | C57BL/6N-Cdc26<tm1b(EUCOMM)Hmgu>/Ics
 MGI:5630950 | C57BL/6N-Cdh10<tm2b(KOMP)Wtsi>/Ucd
 MGI:5630952 | C57BL/6N-Cdipt<tm1b(EUCOMM)Wtsi>/Bay
 MGI:5630951 | C57BL/6N-Cdipt<tm1b(EUCOMM)Wtsi>/Bay
 MGI:5639378 | C57BL/6N-Cdk8<tm1b(EUCOMM)Hmgu>/Ics
 MGI:5630954 | C57BL/6N-Cdkal1<tm2b(EUCOMM)Wtsi>/Ieg
 MGI:5630956 | C57BL/6N-Celf6<tm1b(KOMP)Wtsi>/Wtsi
 MGI:5630958 | C57BL/6N-Cenpe<tm1b(EUCOMM)Hmgu>/Cnrm
 MGI:5630957 | C57BL/6N-Cenpe<tm1b(EUCOMM)Hmgu>/Cnrm
 MGI:5608350 | C57BL/6N-Chd1<tm1b(KOMP)Wtsi>/Tcp
 MGI:5630964 | C57BL/6N-Chd1<tm1b(KOMP)Wtsi>/Tcp
 MGI:5642425 | C57BL/6N-Chic2<tm1b(EUCOMM)Wtsi>/H
 MGI:5642424 | C57BL/6N-Chic2<tm1b(EUCOMM)Wtsi>/H
 MGI:5630966 | C57BL/6N-Chrna1<tm1b(EUCOMM)Hmgu>/Ics
 MGI:5630967 | C57BL/6N-Chrna1<tm1b(EUCOMM)Hmgu>/Ics
 MGI:5704536 | C57BL/6N-Chtop<tm1a(EUCOMM)Wtsi>/Wtsi
 MGI:5703104 | C57BL/6N-Chtop<tm1a(EUCOMM)Wtsi>/Wtsi
 MGI:5700838 | C57BL/6N-Chtop<tm1a(EUCOMM)Wtsi>/Wtsi
 MGI:5701745 | C57BL/6N-Chtop<tm1a(EUCOMM)Wtsi>/Wtsi
 MGI:5608281 | C57BL/6N-Cib2<tm1b(EUCOMM)Wtsi>/H
 MGI:5704537 | C57BL/6N-Cir1<tm3a(KOMP)Wtsi>/Wtsi
 MGI:5700839 | C57BL/6N-Cir1<tm3a(KOMP)Wtsi>/Wtsi
 MGI:5703105 | C57BL/6N-Cir1<tm3a(KOMP)Wtsi>/Wtsi
 MGI:5701746 | C57BL/6N-Cir1<tm3a(KOMP)Wtsi>/Wtsi
 MGI:5639380 | C57BL/6N-Clcf1<tm1.1(KOMP)Vlcg>/Ucd
 MGI:5608373 | C57BL/6N-Clk1<tm1a(EUCOMM)Wtsi>/Ics
 MGI:5630974 | C57BL/6N-Cln6<tm1b(EUCOMM)Hmgu>/Tcp
 MGI:5608323 | C57BL/6N-Clstn1<tm1b(EUCOMM)Hmgu>/H
 MGI:5608299 | C57BL/6N-Clstn3<tm1b(EUCOMM)Hmgu>/Cnrm
 MGI:5608324 | C57BL/6N-Clu<tm1b(EUCOMM)Hmgu>/H
 MGI:5703106 | C57BL/6N-Cmip<tm1a(EUCOMM)Wtsi>/Wtsi
 MGI:5700843 | C57BL/6N-Cmip<tm1a(EUCOMM)Wtsi>/Wtsi
 MGI:5630975 | C57BL/6N-Cmip<tm1a(EUCOMM)Wtsi>/Wtsi
 MGI:5701747 | C57BL/6N-Cmip<tm1a(EUCOMM)Wtsi>/Wtsi
 MGI:5704538 | C57BL/6N-Cmip<tm1a(EUCOMM)Wtsi>/Wtsi
 MGI:5608452 | C57BL/6N-Cmtm6<tm1a(EUCOMM)Wtsi>/Wtsi
 MGI:5630977 | C57BL/6N-Cnbd1<tm1b(EUCOMM)Wtsi>/Wtsi
 MGI:5630978 | C57BL/6N-Cnot6<tm1a(KOMP)Wtsi>/Wtsi
 MGI:5701748 | C57BL/6N-Cnot6<tm1a(KOMP)Wtsi>/Wtsi
 MGI:5704539 | C57BL/6N-Cnot6<tm1a(KOMP)Wtsi>/Wtsi
 MGI:5700845 | C57BL/6N-Cnot6<tm1a(KOMP)Wtsi>/Wtsi
 MGI:5703107 | C57BL/6N-Cnot6<tm1a(KOMP)Wtsi>/Wtsi
 MGI:5630981 | C57BL/6N-Coa5<tm1b(KOMP)Wtsi>/Tcp
 MGI:5608347 | C57BL/6N-Coa5<tm1b(KOMP)Wtsi>/Tcp
 MGI:5630983 | C57BL/6N-Cog3<tm1b(EUCOMM)Hmgu>/Ieg
 MGI:5630982 | C57BL/6N-Cog3<tm1b(EUCOMM)Hmgu>/Ieg
 MGI:5700846 | C57BL/6N-Col4a3bp<tm1a(KOMP)Wtsi>/Wtsi
 MGI:5704540 | C57BL/6N-Col4a3bp<tm1a(KOMP)Wtsi>/Wtsi
 MGI:5703108 | C57BL/6N-Col4a3bp<tm1a(KOMP)Wtsi>/Wtsi
 MGI:5701749 | C57BL/6N-Col4a3bp<tm1a(KOMP)Wtsi>/Wtsi
 MGI:5608290 | C57BL/6N-Col4a3<tm1b(EUCOMM)Wtsi>/H
 MGI:5608274 | C57BL/6N-Col4a5<tm1b(EUCOMM)Wtsi>/Cnrm
 MGI:5608275 | C57BL/6N-Col4a5<tm1b(EUCOMM)Wtsi>/Cnrm
 MGI:5703109 | C57BL/6N-Coq4<tm1a(EUCOMM)Wtsi>/Wtsi
 MGI:5608453 | C57BL/6N-Coq4<tm1a(EUCOMM)Wtsi>/Wtsi
 MGI:5704541 | C57BL/6N-Coq4<tm1a(EUCOMM)Wtsi>/Wtsi
 MGI:5700848 | C57BL/6N-Coq4<tm1a(EUCOMM)Wtsi>/Wtsi
 MGI:5701750 | C57BL/6N-Coq4<tm1a(EUCOMM)Wtsi>/Wtsi
 MGI:5608355 | C57BL/6N-Cox19<tm1b(EUCOMM)Hmgu>/Tcp
 MGI:5630991 | C57BL/6N-Cox19<tm1b(EUCOMM)Hmgu>/Tcp
 MGI:5630992 | C57BL/6N-Cox4i1<tm1.1(KOMP)Vlcg>/Ucd
 MGI:5608333 | C57BL/6N-Cox4i1<tm1.1(KOMP)Vlcg>/Ucd
 MGI:5630993 | C57BL/6N-Cox7a1<tm1b(EUCOMM)Wtsi>/Tcp
 MGI:5630997 | C57BL/6N-Cpa2<tm1b(EUCOMM)Hmgu>/Ieg
 MGI:5630998 | C57BL/6N-Cpe<tm1b(EUCOMM)Hmgu>/Ieg
 MGI:5608440 | C57BL/6N-Cpsf3<tm1a(EUCOMM)Wtsi>/Wtsi
 MGI:5631001 | C57BL/6N-Cpsf3<tm1b(EUCOMM)Wtsi>/Wtsi
 MGI:5631000 | C57BL/6N-Cpsf3<tm1b(EUCOMM)Wtsi>/Wtsi
 MGI:5642427 | C57BL/6N-Cpt2<tm1b(KOMP)Wtsi>/Wtsi
 MGI:5642426 | C57BL/6N-Cpt2<tm1b(KOMP)Wtsi>/Wtsi
 MGI:5704542 | C57BL/6N-Crb2<tm1a(KOMP)Wtsi>/Wtsi
 MGI:5701752 | C57BL/6N-Crb2<tm1a(KOMP)Wtsi>/Wtsi
 MGI:5700849 | C57BL/6N-Crb2<tm1a(KOMP)Wtsi>/Wtsi
 MGI:5703110 | C57BL/6N-Crb2<tm1a(KOMP)Wtsi>/Wtsi
 MGI:5631003 | C57BL/6N-Crb2<tm1a(KOMP)Wtsi>/Wtsi
 MGI:5703111 | C57BL/6N-Creb3l1<tm1e(EUCOMM)Wtsi>/Wtsi
 MGI:5701753 | C57BL/6N-Creb3l1<tm1e(EUCOMM)Wtsi>/Wtsi
 MGI:5608477 | C57BL/6N-Creb3l1<tm1e(EUCOMM)Wtsi>/Wtsi
 MGI:5700850 | C57BL/6N-Creb3l1<tm1e(EUCOMM)Wtsi>/Wtsi
 MGI:5704543 | C57BL/6N-Creb3l1<tm1e(EUCOMM)Wtsi>/Wtsi
 MGI:5631005 | C57BL/6N-Creld2<tm1b(EUCOMM)Hmgu>/H
 MGI:5631006 | C57BL/6N-Crispld2<tm1.1(KOMP)Vlcg>/Ucd
 MGI:5700851 | C57BL/6N-Crispld2<tm1.1(KOMP)Vlcg>/Ucd
 MGI:5703112 | C57BL/6N-Crispld2<tm1.1(KOMP)Vlcg>/Ucd
 MGI:5704544 | C57BL/6N-Crispld2<tm1.1(KOMP)Vlcg>/Ucd
 MGI:5701754 | C57BL/6N-Crispld2<tm1.1(KOMP)Vlcg>/Ucd
 MGI:5631008 | C57BL/6N-Crtc3<tm1b(KOMP)Wtsi>/Ucd
 MGI:5639381 | C57BL/6N-Ctdspl2<tm2b(KOMP)Wtsi>/Bay
 MGI:5631010 | C57BL/6N-Ctdspl2<tm2b(KOMP)Wtsi>/Bay
 MGI:5631012 | C57BL/6N-Ctnnbip1<tm1b(EUCOMM)Wtsi>/H
 MGI:5631011 | C57BL/6N-Ctnnbip1<tm1b(EUCOMM)Wtsi>/H
 MGI:5631013 | C57BL/6N-Ctr9<tm1b(EUCOMM)Wtsi>/Wtsi
 MGI:5631014 | C57BL/6N-Cts6<tm1b(KOMP)Wtsi>/Bay
 MGI:5631016 | C57BL/6N-Ctsd<tm1b(EUCOMM)Wtsi>/Ics
 MGI:5631015 | C57BL/6N-Ctsd<tm1b(EUCOMM)Wtsi>/Ics
 MGI:5631017 | C57BL/6N-Ctsk<tm1b(EUCOMM)Hmgu>/Tcp
 MGI:5642429 | C57BL/6N-Ctso<tm2b(KOMP)Wtsi>/Cnrm
 MGI:5608307 | C57BL/6N-Cttn<tm1b(EUCOMM)Hmgu>/H
 MGI:5703113 | C57BL/6N-Cxcr2<tm1a(EUCOMM)Wtsi>/Wtsi
 MGI:5701755 | C57BL/6N-Cxcr2<tm1a(EUCOMM)Wtsi>/Wtsi
 MGI:5700856 | C57BL/6N-Cxcr2<tm1a(EUCOMM)Wtsi>/Wtsi
 MGI:5704545 | C57BL/6N-Cxcr2<tm1a(EUCOMM)Wtsi>/Wtsi
 MGI:5608316 | C57BL/6N-Cyb5r2<tm1b(EUCOMM)Hmgu>/H
 MGI:5631022 | C57BL/6N-Cybb<tm2b(KOMP)Wtsi>/H
 MGI:5703114 | C57BL/6N-Cyfip2<tm1a(EUCOMM)Wtsi>/Wtsi
 MGI:5704546 | C57BL/6N-Cyfip2<tm1a(EUCOMM)Wtsi>/Wtsi
 MGI:5701756 | C57BL/6N-Cyfip2<tm1a(EUCOMM)Wtsi>/Wtsi
 MGI:5608444 | C57BL/6N-Cyfip2<tm1a(EUCOMM)Wtsi>/Wtsi
 MGI:5700858 | C57BL/6N-Cyfip2<tm1a(EUCOMM)Wtsi>/Wtsi
 MGI:5631024 | C57BL/6N-Cyp27b1<tm1b(EUCOMM)Hmgu>/Tcp
 MGI:5631025 | C57BL/6N-Cyp4b1<tm1b(KOMP)Wtsi>/Ieg
 MGI:5631026 | C57BL/6N-D1Pas1<tm1(KOMP)Vlcg>/Rbrc
 MGI:5642430 | C57BL/6N-D630023F18Rik<tm1b(KOMP)Wtsi>/Wtsi
 MGI:5608349 | C57BL/6N-D630045J12Rik<tm1b(KOMP)Wtsi>/Tcp
 MGI:5642431 | C57BL/6N-Daam2<tm1b(KOMP)Wtsi>/Wtsi
 MGI:5631027 | C57BL/6N-Dagla<tm1a(EUCOMM)Wtsi>/Nju
 MGI:5631028 | C57BL/6N-Dapk1<tm1b(EUCOMM)Hmgu>/H
 MGI:5631033 | C57BL/6N-Dbndd2<tm1b(EUCOMM)Wtsi>/Tcp
 MGI:5701758 | C57BL/6N-Dctn1<tm1a(EUCOMM)Wtsi>/Wtsi
 MGI:5704548 | C57BL/6N-Dctn1<tm1a(EUCOMM)Wtsi>/Wtsi
 MGI:5700865 | C57BL/6N-Dctn1<tm1a(EUCOMM)Wtsi>/Wtsi
 MGI:5608425 | C57BL/6N-Dctn1<tm1a(EUCOMM)Wtsi>/Wtsi
 MGI:5703116 | C57BL/6N-Dctn1<tm1a(EUCOMM)Wtsi>/Wtsi
 MGI:5631039 | C57BL/6N-Ddost<tm1.1(KOMP)Vlcg>/Ucd
 MGI:5608327 | C57BL/6N-Ddost<tm1.1(KOMP)Vlcg>/Ucd
 MGI:5631040 | C57BL/6N-Ddx41<tm1b(KOMP)Wtsi>/Ucd
 MGI:5608418 | C57BL/6N-Ddx55<tm1a(EUCOMM)Wtsi>/Wtsi
 MGI:5631042 | C57BL/6N-Defb22<tm1a(KOMP)Wtsi>/Wtsi
 MGI:5631044 | C57BL/6N-Dhfr<tm1b(EUCOMM)Wtsi>/Tcp
 MGI:5631045 | C57BL/6N-Dhfr<tm1b(EUCOMM)Wtsi>/Tcp
 MGI:5631048 | C57BL/6N-Dhx40<tm1b(KOMP)Wtsi>/Wtsi
 MGI:5631049 | C57BL/6N-Dlec1<tm1b(EUCOMM)Wtsi>/Ieg
 MGI:5631058 | C57BL/6N-Dnajc17<tm1b(EUCOMM)Hmgu>/Ieg
 MGI:5631057 | C57BL/6N-Dnajc17<tm1b(EUCOMM)Hmgu>/Ieg
 MGI:5631064 | C57BL/6N-Dnal4<tm1b(EUCOMM)Wtsi>/Ics
 MGI:5631063 | C57BL/6N-Dnal4<tm1b(EUCOMM)Wtsi>/Ics
 MGI:5631066 | C57BL/6N-Dnm1l<tm1b(KOMP)Wtsi>/Ics
 MGI:5631071 | C57BL/6N-Dock11<tm2b(KOMP)Wtsi>/Ucd
 MGI:5631070 | C57BL/6N-Dock11<tm2b(KOMP)Wtsi>/Ucd
 MGI:5631074 | C57BL/6N-Dpp9<tm1b(EUCOMM)Hmgu>/Cnrm
 MGI:5608236 | C57BL/6N-Dpp9<tm1b(EUCOMM)Hmgu>/Cnrm
 MGI:5703119 | C57BL/6N-Dpy30<tm1a(KOMP)Wtsi>/Wtsi
 MGI:5701761 | C57BL/6N-Dpy30<tm1a(KOMP)Wtsi>/Wtsi
 MGI:5631075 | C57BL/6N-Dpy30<tm1a(KOMP)Wtsi>/Wtsi
 MGI:5704551 | C57BL/6N-Dpy30<tm1a(KOMP)Wtsi>/Wtsi
 MGI:5700871 | C57BL/6N-Dpy30<tm1a(KOMP)Wtsi>/Wtsi
 MGI:5631077 | C57BL/6N-Dpyd<tm1b(KOMP)Wtsi>/Tcp
 MGI:5608352 | C57BL/6N-Dtnbp1<tm1b(EUCOMM)Hmgu>/Tcp
 MGI:5631078 | C57BL/6N-Dusp11<tm1b(EUCOMM)Wtsi>/Ics
 MGI:5704552 | C57BL/6N-Dynll1<tm1(KOMP)Wtsi>/Wtsi
 MGI:5701762 | C57BL/6N-Dynll1<tm1(KOMP)Wtsi>/Wtsi
 MGI:5608437 | C57BL/6N-Dynll1<tm1(KOMP)Wtsi>/Wtsi
 MGI:5703120 | C57BL/6N-Dynll1<tm1(KOMP)Wtsi>/Wtsi
 MGI:5700872 | C57BL/6N-Dynll1<tm1(KOMP)Wtsi>/Wtsi
 MGI:5704553 | C57BL/6N-Dynlrb2<tm1a(KOMP)Wtsi>/Wtsi
 MGI:5700873 | C57BL/6N-Dynlrb2<tm1a(KOMP)Wtsi>/Wtsi
 MGI:5703121 | C57BL/6N-Dynlrb2<tm1a(KOMP)Wtsi>/Wtsi
 MGI:5701763 | C57BL/6N-Dynlrb2<tm1a(KOMP)Wtsi>/Wtsi
 MGI:5608365 | C57BL/6N-Dzank1<tm1b(KOMP)Wtsi>/Ucd
 MGI:5631081 | C57BL/6N-Eaf1<tm1b(EUCOMM)Wtsi>/H
 MGI:5631082 | C57BL/6N-Eci3<tm1b(EUCOMM)Wtsi>/Wtsi
 MGI:5631083 | C57BL/6N-Ect2<tm1b(EUCOMM)Wtsi>/Ics
 MGI:5631084 | C57BL/6N-Ect2<tm1b(EUCOMM)Wtsi>/Ics
 MGI:5704554 | C57BL/6N-Edc4<tm1a(EUCOMM)Wtsi>/Wtsi
 MGI:5703122 | C57BL/6N-Edc4<tm1a(EUCOMM)Wtsi>/Wtsi
 MGI:5631085 | C57BL/6N-Edc4<tm1a(EUCOMM)Wtsi>/Wtsi
 MGI:5701764 | C57BL/6N-Edc4<tm1a(EUCOMM)Wtsi>/Wtsi
 MGI:5700875 | C57BL/6N-Edc4<tm1a(EUCOMM)Wtsi>/Wtsi
 MGI:5700938 | C57BL/6N-Eef1akmt1<tm1a(EUCOMM)Wtsi>/Wtsi
 MGI:5631087 | C57BL/6N-Efna5<tm1b(EUCOMM)Wtsi>/Ieg
 MGI:5608310 | C57BL/6N-Elmod1<tm1b(EUCOMM)Hmgu>/H
 MGI:5631092 | C57BL/6N-Emc10<tm1b(EUCOMM)Wtsi>/H
 MGI:5631095 | C57BL/6N-Entpd1<tm1b(EUCOMM)Wtsi>/Ieg
 MGI:5631094 | C57BL/6N-Entpd1<tm1b(EUCOMM)Wtsi>/Ieg
 MGI:5642433 | C57BL/6N-Eomes<tm1b(EUCOMM)Wtsi>/H
 MGI:5642434 | C57BL/6N-Eomes<tm1b(EUCOMM)Wtsi>/H
 MGI:5631098 | C57BL/6N-Epas1<tm1b(EUCOMM)Hmgu>/H
 MGI:5631097 | C57BL/6N-Epas1<tm1b(EUCOMM)Hmgu>/H
 MGI:5631100 | C57BL/6N-Eprs<tm1b(EUCOMM)Hmgu>/Tcp
 MGI:5703123 | C57BL/6N-Erp44<tm1a(KOMP)Wtsi>/Wtsi
 MGI:5704555 | C57BL/6N-Erp44<tm1a(KOMP)Wtsi>/Wtsi
 MGI:5700881 | C57BL/6N-Erp44<tm1a(KOMP)Wtsi>/Wtsi
 MGI:5608492 | C57BL/6N-Erp44<tm1a(KOMP)Wtsi>/Wtsi
 MGI:5701765 | C57BL/6N-Erp44<tm1a(KOMP)Wtsi>/Wtsi
 MGI:5608292 | C57BL/6N-Esyt3<tm1b(EUCOMM)Wtsi>/H
 MGI:5631103 | C57BL/6N-Evl<tm1b(KOMP)Wtsi>/H
 MGI:5631105 | C57BL/6N-Ewsr1<tm1b(EUCOMM)Wtsi>/Tcp
 MGI:5631104 | C57BL/6N-Ewsr1<tm1b(EUCOMM)Wtsi>/Tcp
 MGI:5631108 | C57BL/6N-Exoc3l2<tm1b(KOMP)Wtsi>/Wtsi
 MGI:5631107 | C57BL/6N-Exoc3l2<tm1b(KOMP)Wtsi>/Wtsi
 MGI:5704556 | C57BL/6N-Exoc8<tm1.1(KOMP)Vlcg>/Ucd
 MGI:5700883 | C57BL/6N-Exoc8<tm1.1(KOMP)Vlcg>/Ucd
 MGI:5703124 | C57BL/6N-Exoc8<tm1.1(KOMP)Vlcg>/Ucd
 MGI:5701766 | C57BL/6N-Exoc8<tm1.1(KOMP)Vlcg>/Ucd
 MGI:5608348 | C57BL/6N-Eya4<tm1b(KOMP)Wtsi>/Tcp
 MGI:5631111 | C57BL/6N-Eya4<tm1b(KOMP)Wtsi>/Tcp
 MGI:5631113 | C57BL/6N-F10<tm1b(EUCOMM)Hmgu>/H
 MGI:5608312 | C57BL/6N-F10<tm1b(EUCOMM)Hmgu>/H
 MGI:5631114 | C57BL/6N-Fabp1<tm1b(EUCOMM)Hmgu>/Cnrm
 MGI:5639383 | C57BL/6N-Fadd<tm1e.1(KOMP)Wtsi>/Ucd
 MGI:5608262 | C57BL/6N-Fam134c<tm2b(EUCOMM)Wtsi>/Wtsi
 MGI:5608315 | C57BL/6N-Fam151b<tm1b(EUCOMM)Hmgu>/H
 MGI:5608438 | C57BL/6N-Fam175b<tm1a(EUCOMM)Wtsi>/Wtsi
 MGI:5631116 | C57BL/6N-Fam210a<tm1b(EUCOMM)Wtsi>/Tcp
 MGI:5631117 | C57BL/6N-Fam210b<tm1b(KOMP)Mbp>/Ucd
 MGI:5631118 | C57BL/6N-Fam49b<tm1b(KOMP)Wtsi>/Tcp
 MGI:5639384 | C57BL/6N-Fam49b<tm1b(KOMP)Wtsi>/Tcp
 MGI:5608240 | C57BL/6N-Fam53b<tm1b(EUCOMM)Hmgu>/Cnrm
 MGI:5631119 | C57BL/6N-Fam63a<tm1b(EUCOMM)Wtsi>/Ics
 MGI:5631120 | C57BL/6N-Fam73a<tm1b(EUCOMM)Wtsi>/Ieg
 MGI:5703125 | C57BL/6N-Farsa<tm2a(EUCOMM)Wtsi>/Wtsi
 MGI:5608447 | C57BL/6N-Farsa<tm2a(EUCOMM)Wtsi>/Wtsi
 MGI:5704557 | C57BL/6N-Farsa<tm2a(EUCOMM)Wtsi>/Wtsi
 MGI:5701767 | C57BL/6N-Farsa<tm2a(EUCOMM)Wtsi>/Wtsi
 MGI:5700885 | C57BL/6N-Farsa<tm2a(EUCOMM)Wtsi>/Wtsi
 MGI:5631123 | C57BL/6N-Fastk<tm1.1(KOMP)Vlcg>/Ucd
 MGI:5631124 | C57BL/6N-Fbxl16<tm1b(KOMP)Wtsi>/Bay
 MGI:5631125 | C57BL/6N-Fbxo31<tm1b(EUCOMM)Wtsi>/Bay
 MGI:5608441 | C57BL/6N-Fbxo47<tm1a(EUCOMM)Wtsi>/Wtsi
 MGI:5700888 | C57BL/6N-Fbxo47<tm1a(EUCOMM)Wtsi>/Wtsi
 MGI:5701768 | C57BL/6N-Fbxo47<tm1a(EUCOMM)Wtsi>/Wtsi
 MGI:5703126 | C57BL/6N-Fbxo47<tm1a(EUCOMM)Wtsi>/Wtsi
 MGI:5704558 | C57BL/6N-Fbxo47<tm1a(EUCOMM)Wtsi>/Wtsi
 MGI:5631129 | C57BL/6N-Fbxo9<tm1b(EUCOMM)Hmgu>/Tcp
 MGI:5631130 | C57BL/6N-Fbxw9<tm1a(EUCOMM)Wtsi>/Bay
 MGI:5631131 | C57BL/6N-Fbxw9<tm1b(EUCOMM)Wtsi>/Bay
 MGI:5608287 | C57BL/6N-Fcgbp<tm1b(EUCOMM)Wtsi>/Cnrm
 MGI:5704559 | C57BL/6N-Fdft1<tm1a(KOMP)Wtsi>/Wtsi
 MGI:5701769 | C57BL/6N-Fdft1<tm1a(KOMP)Wtsi>/Wtsi
 MGI:5700891 | C57BL/6N-Fdft1<tm1a(KOMP)Wtsi>/Wtsi
 MGI:5703127 | C57BL/6N-Fdft1<tm1a(KOMP)Wtsi>/Wtsi
 MGI:5608288 | C57BL/6N-Fgf10<tm1b(EUCOMM)Wtsi>/H
 MGI:5631132 | C57BL/6N-Fgf10<tm1b(EUCOMM)Wtsi>/H
 MGI:5704560 | C57BL/6N-Fgfr1<tm1.1(KOMP)Vlcg>/Ucd
 MGI:5703128 | C57BL/6N-Fgfr1<tm1.1(KOMP)Vlcg>/Ucd
 MGI:5701770 | C57BL/6N-Fgfr1<tm1.1(KOMP)Vlcg>/Ucd
 MGI:5700894 | C57BL/6N-Fgfr1<tm1.1(KOMP)Vlcg>/Ucd
 MGI:5608228 | C57BL/6N-Fgfr4<tm1b(EUCOMM)Wtsi>/Bay
 MGI:5631134 | C57BL/6N-Fkbp5<tm1b(KOMP)Wtsi>/Ucd
 MGI:5631136 | C57BL/6N-Flii<tm1b(KOMP)Mbp>/Ucd
 MGI:5631139 | C57BL/6N-Fpr3<tm1b(EUCOMM)Hmgu>/Ics
 MGI:5631140 | C57BL/6N-Frmd5<tm1b(EUCOMM)Hmgu>/Ieg
 MGI:5642435 | C57BL/6N-Frrs1l<tm1b(EUCOMM)Hmgu>/H
 MGI:5700897 | C57BL/6N-Frrs1<tm1a(EUCOMM)Wtsi>/Wtsi
 MGI:5703129 | C57BL/6N-Frrs1<tm1a(EUCOMM)Wtsi>/Wtsi
 MGI:5631142 | C57BL/6N-Frrs1<tm1a(EUCOMM)Wtsi>/Wtsi
 MGI:5704561 | C57BL/6N-Frrs1<tm1a(EUCOMM)Wtsi>/Wtsi
 MGI:5701771 | C57BL/6N-Frrs1<tm1a(EUCOMM)Wtsi>/Wtsi
 MGI:5631145 | C57BL/6N-Frs2<tm1b(EUCOMM)Wtsi>/H
 MGI:5631144 | C57BL/6N-Frs2<tm1b(EUCOMM)Wtsi>/H
 MGI:5631146 | C57BL/6N-Fshr<tm1(KOMP)Vlcg>/Nju
 MGI:5631148 | C57BL/6N-Ftsj1<tm1b(EUCOMM)Wtsi>/Bay
 MGI:5631147 | C57BL/6N-Ftsj1<tm1b(EUCOMM)Wtsi>/Bay
 MGI:5631149 | C57BL/6N-Furin<tm1b(EUCOMM)Wtsi>/Cnrm
 MGI:5608271 | C57BL/6N-Furin<tm1b(EUCOMM)Wtsi>/Cnrm
 MGI:5631150 | C57BL/6N-Fus<tm1.1(KOMP)Vlcg>/Ucd
 MGI:5608329 | C57BL/6N-Fus<tm1.1(KOMP)Vlcg>/Ucd
 MGI:5631151 | C57BL/6N-Fyb<tm1b(EUCOMM)Hmgu>/Cnrm
 MGI:5642437 | C57BL/6N-Gabarapl2<tm1b(EUCOMM)Hmgu>/H
 MGI:5642436 | C57BL/6N-Gabarapl2<tm1b(EUCOMM)Hmgu>/H
 MGI:5631154 | C57BL/6N-Gad2<tm1b(EUCOMM)Wtsi>/Ieg
 MGI:5608346 | C57BL/6N-Galc<tm1b(KOMP)Wtsi>/Tcp
 MGI:5631156 | C57BL/6N-Gart<tm1b(EUCOMM)Wtsi>/Tcp
 MGI:5631155 | C57BL/6N-Gart<tm1b(EUCOMM)Wtsi>/Tcp
 MGI:5631157 | C57BL/6N-Gata2<tm1b(KOMP)Wtsi>/Tcp
 MGI:5631158 | C57BL/6N-Gatm<tm1b(KOMP)Wtsi>/Ieg
 MGI:5703130 | C57BL/6N-Gbf1<tm1a(KOMP)Wtsi>/Wtsi
 MGI:5700898 | C57BL/6N-Gbf1<tm1a(KOMP)Wtsi>/Wtsi
 MGI:5631159 | C57BL/6N-Gbf1<tm1a(KOMP)Wtsi>/Wtsi
 MGI:5701772 | C57BL/6N-Gbf1<tm1a(KOMP)Wtsi>/Wtsi
 MGI:5704562 | C57BL/6N-Gbf1<tm1a(KOMP)Wtsi>/Wtsi
 MGI:5631161 | C57BL/6N-Gbx1<tm1b(KOMP)Wtsi>/H
 MGI:5631162 | C57BL/6N-Gdf15<tm1b(KOMP)Wtsi>/H
 MGI:5642438 | C57BL/6N-Gfod2<tm1b(EUCOMM)Hmgu>/Cnrm
 MGI:5642440 | C57BL/6N-Gfpt1<tm1b(EUCOMM)Wtsi>/H
 MGI:5642439 | C57BL/6N-Gfpt1<tm1b(EUCOMM)Wtsi>/H
 MGI:5631164 | C57BL/6N-Ggnbp2<tm1b(KOMP)Wtsi>/Tcp
 MGI:5631163 | C57BL/6N-Ggnbp2<tm1b(KOMP)Wtsi>/Tcp
 MGI:5631168 | C57BL/6N-Gja8<tm1b(EUCOMM)Hmgu>/H
 MGI:5631169 | C57BL/6N-Gkn2<tm1.1(KOMP)Vlcg>/Ucd
 MGI:5608469 | C57BL/6N-Gldc<tm1a(EUCOMM)Wtsi>/Wtsi
 MGI:5700901 | C57BL/6N-Glg1<tm1a(KOMP)Wtsi>/Wtsi
 MGI:5703131 | C57BL/6N-Glg1<tm1a(KOMP)Wtsi>/Wtsi
 MGI:5701773 | C57BL/6N-Glg1<tm1a(KOMP)Wtsi>/Wtsi
 MGI:5608408 | C57BL/6N-Glg1<tm1a(KOMP)Wtsi>/Wtsi
 MGI:5704563 | C57BL/6N-Glg1<tm1a(KOMP)Wtsi>/Wtsi
 MGI:5631176 | C57BL/6N-Gm12258<tm1b(EUCOMM)Hmgu>/Ics
 MGI:5704564 | C57BL/6N-Gm5544<tm1a(KOMP)Wtsi>/Wtsi
 MGI:5701774 | C57BL/6N-Gm5544<tm1a(KOMP)Wtsi>/Wtsi
 MGI:5703132 | C57BL/6N-Gm5544<tm1a(KOMP)Wtsi>/Wtsi
 MGI:5700903 | C57BL/6N-Gm5544<tm1a(KOMP)Wtsi>/Wtsi
 MGI:5632568 | C57BL/6N-Gm648<tm1e(KOMP)Wtsi>/Wtsi
 MGI:5632569 | C57BL/6N-Gm648<tm1e(KOMP)Wtsi>/Wtsi
 MGI:5631178 | C57BL/6N-Gng13<tm1.1(KOMP)Vlcg>/Ucd
 MGI:5631179 | C57BL/6N-Gnpda1<tm1b(KOMP)Mbp>/Tcp
 MGI:5631180 | C57BL/6N-Gnpda2<tm1(KOMP)Vlcg>/Ucd
 MGI:5631181 | C57BL/6N-Gosr2<tm1b(EUCOMM)Hmgu>/H
 MGI:5631182 | C57BL/6N-Gosr2<tm1b(EUCOMM)Hmgu>/H
 MGI:5608331 | C57BL/6N-Gpc2<tm1.1(KOMP)Vlcg>/Ucd
 MGI:5700906 | C57BL/6N-Gpr107<tm1a(KOMP)Wtsi>/Wtsi
 MGI:5701775 | C57BL/6N-Gpr107<tm1a(KOMP)Wtsi>/Wtsi
 MGI:5608411 | C57BL/6N-Gpr107<tm1a(KOMP)Wtsi>/Wtsi
 MGI:5704565 | C57BL/6N-Gpr107<tm1a(KOMP)Wtsi>/Wtsi
 MGI:5703133 | C57BL/6N-Gpr107<tm1a(KOMP)Wtsi>/Wtsi
 MGI:5631185 | C57BL/6N-Gpr182<tm2b(KOMP)Wtsi>/Ucd
 MGI:5608303 | C57BL/6N-Gpr1<tm1b(EUCOMM)Hmgu>/Cnrm
 MGI:5608279 | C57BL/6N-Gpr22<tm1b(KOMP)Wtsi>/H
 MGI:5608319 | C57BL/6N-Gpr33<tm1b(EUCOMM)Hmgu>/H
 MGI:5631186 | C57BL/6N-Gpr50<tm1(KOMP)Vlcg>/Ucd
 MGI:5608457 | C57BL/6N-Gprc5b<tm1a(EUCOMM)Wtsi>/Wtsi
 MGI:5631187 | C57BL/6N-Gps1<tm1b(KOMP)Wtsi>/Tcp
 MGI:5631188 | C57BL/6N-Grm6<tm1b(EUCOMM)Wtsi>/H
 MGI:5631189 | C57BL/6N-Grtp1<tm1b(EUCOMM)Hmgu>/Tcp
 MGI:5701776 | C57BL/6N-Gtf2a1<tm1a(KOMP)Wtsi>/Wtsi
 MGI:5700910 | C57BL/6N-Gtf2a1<tm1a(KOMP)Wtsi>/Wtsi
 MGI:5631190 | C57BL/6N-Gtf2a1<tm1a(KOMP)Wtsi>/Wtsi
 MGI:5703134 | C57BL/6N-Gtf2a1<tm1a(KOMP)Wtsi>/Wtsi
 MGI:5704566 | C57BL/6N-Gtf2a1<tm1a(KOMP)Wtsi>/Wtsi
 MGI:5631193 | C57BL/6N-Gtf2b<tm1b(EUCOMM)Wtsi>/Tcp
 MGI:5631192 | C57BL/6N-Gtf2b<tm1b(EUCOMM)Wtsi>/Tcp
 MGI:5608337 | C57BL/6N-Gtpbp2<tm1b(KOMP)Mbp>/Ucd
 MGI:5608336 | C57BL/6N-Gtpbp2<tm1b(KOMP)Mbp>/Ucd
 MGI:5631194 | C57BL/6N-Gyg<tm1b(KOMP)Wtsi>/Bay
 MGI:5631195 | C57BL/6N-H1foo<tm1a(KOMP)Wtsi>/Tcp
 MGI:5631198 | C57BL/6N-Hace1<tm1b(KOMP)Wtsi>/H
 MGI:5631199 | C57BL/6N-Hace1<tm1b(KOMP)Wtsi>/H
 MGI:5608272 | C57BL/6N-Hectd2<tm1b(KOMP)Wtsi>/Ucd
 MGI:5631201 | C57BL/6N-Hecw2<tm1a(EUCOMM)Wtsi>/Wtsi
 MGI:5631202 | C57BL/6N-Hells<tm1b(EUCOMM)Wtsi>/Ieg
 MGI:5631204 | C57BL/6N-Hipk2<tm2b(EUCOMM)Hmgu>/Cnrm
 MGI:5631205 | C57BL/6N-Hipk2<tm2b(EUCOMM)Hmgu>/Cnrm
 MGI:5631212 | C57BL/6N-Iah1<tm1b(EUCOMM)Hmgu>/Ics
 MGI:5631213 | C57BL/6N-Idh1<tm1b(EUCOMM)Wtsi>/Tcp
 MGI:5631214 | C57BL/6N-Idh2<tm1b(EUCOMM)Hmgu>/H
 MGI:5608341 | C57BL/6N-Ifi44<tm1b(KOMP)Wtsi>/Tcp
 MGI:5700916 | C57BL/6N-Ift140<tm1a(KOMP)Wtsi>/Wtsi
 MGI:5701777 | C57BL/6N-Ift140<tm1a(KOMP)Wtsi>/Wtsi
 MGI:5703135 | C57BL/6N-Ift140<tm1a(KOMP)Wtsi>/Wtsi
 MGI:5704567 | C57BL/6N-Ift140<tm1a(KOMP)Wtsi>/Wtsi
 MGI:5704568 | C57BL/6N-Ift80<tm1a(KOMP)Wtsi>/Wtsi
 MGI:5700918 | C57BL/6N-Ift80<tm1a(KOMP)Wtsi>/Wtsi
 MGI:5701778 | C57BL/6N-Ift80<tm1a(KOMP)Wtsi>/Wtsi
 MGI:5703136 | C57BL/6N-Ift80<tm1a(KOMP)Wtsi>/Wtsi
 MGI:5608423 | C57BL/6N-Ift80<tm1a(KOMP)Wtsi>/Wtsi
 MGI:5631216 | C57BL/6N-Igfbp3<tm1b(KOMP)Wtsi>/H
 MGI:5631218 | C57BL/6N-Ikzf3<tm1(KOMP)Vlcg>/Rbrc
 MGI:5631219 | C57BL/6N-Ikzf5<tm1(KOMP)Wtsi>/Rbrc
 MGI:5631221 | C57BL/6N-Il20ra<tm1.1(KOMP)Vlcg>/Ucd
 MGI:5631222 | C57BL/6N-Il33<tm1.1(KOMP)Vlcg>/Ucd
 MGI:5631224 | C57BL/6N-Ino80<tm1a(EUCOMM)Hmgu>/Ics
 MGI:5631225 | C57BL/6N-Ino80<tm1a(EUCOMM)Hmgu>/Ics
 MGI:5631226 | C57BL/6N-Ino80<tm1b(EUCOMM)Hmgu>/Ics
 MGI:5631227 | C57BL/6N-Inpp5e<tm1.1(KOMP)Vlcg>/Ucd
 MGI:5631229 | C57BL/6N-Iqce<tm1b(EUCOMM)Hmgu>/Ics
 MGI:5608313 | C57BL/6N-Itga2<tm1b(EUCOMM)Hmgu>/H
 MGI:5631234 | C57BL/6N-Izumo1r<tm1b(KOMP)Wtsi>/Rbrc
 MGI:5642441 | C57BL/6N-Jag2<tm1b(KOMP)Wtsi>/H
 MGI:5608475 | C57BL/6N-Jmjd1c<tm1a(EUCOMM)Wtsi>/Wtsi
 MGI:5700922 | C57BL/6N-Jmjd1c<tm1a(EUCOMM)Wtsi>/Wtsi
 MGI:5704569 | C57BL/6N-Jmjd1c<tm1a(EUCOMM)Wtsi>/Wtsi
 MGI:5703137 | C57BL/6N-Jmjd1c<tm1a(EUCOMM)Wtsi>/Wtsi
 MGI:5701779 | C57BL/6N-Jmjd1c<tm1a(EUCOMM)Wtsi>/Wtsi
 MGI:5608426 | C57BL/6N-Kcnip4<tm1a(KOMP)Wtsi>/Wtsi
 MGI:5608304 | C57BL/6N-Kcnj9<tm1b(EUCOMM)Hmgu>/H
 MGI:5631237 | C57BL/6N-Kctd15<tm1b(EUCOMM)Wtsi>/Ics
 MGI:5608344 | C57BL/6N-Kctd15<tm1b(EUCOMM)Wtsi>/Ucd
 MGI:5639389 | C57BL/6N-Kctd15<tm1b(EUCOMM)Wtsi>/Ucd
 MGI:5608267 | C57BL/6N-Kdm8<tm1b(EUCOMM)Wtsi>/Ics
 MGI:5631238 | C57BL/6N-Kdm8<tm1b(EUCOMM)Wtsi>/Ics
 MGI:5642443 | C57BL/6N-Kif20a<tm1b(EUCOMM)Hmgu>/Ieg
 MGI:5642444 | C57BL/6N-Kif20a<tm1b(EUCOMM)Hmgu>/Ieg
 MGI:5700924 | C57BL/6N-Kifap3<tm1a(KOMP)Wtsi>/Wtsi
 MGI:5704570 | C57BL/6N-Kifap3<tm1a(KOMP)Wtsi>/Wtsi
 MGI:5701780 | C57BL/6N-Kifap3<tm1a(KOMP)Wtsi>/Wtsi
 MGI:5703138 | C57BL/6N-Kifap3<tm1a(KOMP)Wtsi>/Wtsi
 MGI:5631243 | C57BL/6N-Kiss1r<tm1(KOMP)Vlcg>/Ucd
 MGI:5608358 | C57BL/6N-Klf14<tm1(KOMP)Vlcg>/Ucd
 MGI:5608381 | C57BL/6N-Klf17<tm1b(KOMP)Wtsi>/Wtsi
 MGI:5608305 | C57BL/6N-Klf7<tm1b(EUCOMM)Hmgu>/H
 MGI:5631245 | C57BL/6N-Klf7<tm1b(EUCOMM)Hmgu>/H
 MGI:5631246 | C57BL/6N-Klhdc2<tm1b(EUCOMM)Hmgu>/H
 MGI:5631247 | C57BL/6N-Klhdc2<tm1b(EUCOMM)Hmgu>/H
 MGI:5631249 | C57BL/6N-Klhl21<tm1a(KOMP)Wtsi>/Wtsi
 MGI:5631251 | C57BL/6N-Klhl29<tm1b(EUCOMM)Hmgu>/Ics
 MGI:5631252 | C57BL/6N-Klhl29<tm1b(EUCOMM)Hmgu>/Ics
 MGI:5631253 | C57BL/6N-Klk4<tm1.1(KOMP)Vlcg>/Ucd
 MGI:5608233 | C57BL/6N-Klkb1<tm1b(EUCOMM)Wtsi>/Ieg
 MGI:5631254 | C57BL/6N-Kmo<tm1b(KOMP)Wtsi>/Ucd
 MGI:5631255 | C57BL/6N-Kng2<tm2a(EUCOMM)Wtsi>/Wtsi
 MGI:5631256 | C57BL/6N-Knstrn<tm1b(KOMP)Wtsi>/Ics
 MGI:5631258 | C57BL/6N-Krt2<tm1b(KOMP)Wtsi>/Ucd
 MGI:5608474 | C57BL/6N-Krt7<tm1b(KOMP)Wtsi>/Wtsi
 MGI:5701781 | C57BL/6N-L3mbtl2<tm2a(EUCOMM)Wtsi>/Wtsi
 MGI:5700926 | C57BL/6N-L3mbtl2<tm2a(EUCOMM)Wtsi>/Wtsi
 MGI:5703139 | C57BL/6N-L3mbtl2<tm2a(EUCOMM)Wtsi>/Wtsi
 MGI:5704571 | C57BL/6N-L3mbtl2<tm2a(EUCOMM)Wtsi>/Wtsi
 MGI:5608493 | C57BL/6N-L3mbtl2<tm2a(EUCOMM)Wtsi>/Wtsi
 MGI:5608268 | C57BL/6N-Lamb3<tm1b(KOMP)Wtsi>/H
 MGI:5631260 | C57BL/6N-Laptm4a<tm1b(EUCOMM)Hmgu>/Ics
 MGI:5642445 | C57BL/6N-Ldah<tm1b(EUCOMM)Wtsi>/Ieg
 MGI:5631261 | C57BL/6N-Leprot<tm2b(KOMP)Wtsi>/Wtsi
 MGI:5631264 | C57BL/6N-Lhcgr<tm1(KOMP)Vlcg>/Nju
 MGI:5631263 | C57BL/6N-Lhcgr<tm1(KOMP)Vlcg>/Nju
 MGI:5631265 | C57BL/6N-Lifr<tm1b(EUCOMM)Hmgu>/H
 MGI:5631266 | C57BL/6N-Lifr<tm1b(EUCOMM)Hmgu>/H
 MGI:5631267 | C57BL/6N-Lmbrd1<tm1b(EUCOMM)Hmgu>/Tcp
 MGI:5631269 | C57BL/6N-Lmna<tm1b(EUCOMM)Wtsi>/Ics
 MGI:5631268 | C57BL/6N-Lmna<tm1b(EUCOMM)Wtsi>/Ics
 MGI:5608388 | C57BL/6N-Lonrf3<tm1a(KOMP)Wtsi>/Wtsi
 MGI:5703140 | C57BL/6N-Lor<tm1.1(KOMP)Vlcg>/Ucd
 MGI:5704572 | C57BL/6N-Lor<tm1.1(KOMP)Vlcg>/Ucd
 MGI:5631271 | C57BL/6N-Lor<tm1.1(KOMP)Vlcg>/Ucd
 MGI:5701782 | C57BL/6N-Lor<tm1.1(KOMP)Vlcg>/Ucd
 MGI:5700927 | C57BL/6N-Lor<tm1.1(KOMP)Vlcg>/Ucd
 MGI:5631274 | C57BL/6N-Lpin2<tm1b(KOMP)Wtsi>/Tcp
 MGI:5631275 | C57BL/6N-Lpo<tm1b(EUCOMM)Wtsi>/Ieg
 MGI:5631279 | C57BL/6N-Lrrc2<tm1b(EUCOMM)Wtsi>/Tcp
 MGI:5631281 | C57BL/6N-Lsm1<tm1b(EUCOMM)Hmgu>/Ieg
 MGI:5631280 | C57BL/6N-Lsm1<tm1b(EUCOMM)Hmgu>/Ieg
 MGI:5703141 | C57BL/6N-Lypd3<tm1.1(KOMP)Vlcg>/Ucd
 MGI:5704573 | C57BL/6N-Lypd3<tm1.1(KOMP)Vlcg>/Ucd
 MGI:5608332 | C57BL/6N-Lypd3<tm1.1(KOMP)Vlcg>/Ucd
 MGI:5701783 | C57BL/6N-Lypd3<tm1.1(KOMP)Vlcg>/Ucd
 MGI:5700929 | C57BL/6N-Lypd3<tm1.1(KOMP)Vlcg>/Ucd
 MGI:5631284 | C57BL/6N-Lyplal1<tm1b(KOMP)Wtsi>/Ucd
 MGI:5631285 | C57BL/6N-Lyst<tm1b(EUCOMM)Wtsi>/Tcp
 MGI:5704574 | C57BL/6N-Lztr1<tm1a(EUCOMM)Wtsi>/Wtsi
 MGI:5703142 | C57BL/6N-Lztr1<tm1a(EUCOMM)Wtsi>/Wtsi
 MGI:5701784 | C57BL/6N-Lztr1<tm1a(EUCOMM)Wtsi>/Wtsi
 MGI:5608391 | C57BL/6N-Lztr1<tm1a(EUCOMM)Wtsi>/Wtsi
 MGI:5700931 | C57BL/6N-Lztr1<tm1a(EUCOMM)Wtsi>/Wtsi
 MGI:5631287 | C57BL/6N-Mad1l1<tm1b(KOMP)Wtsi>/Ucd
 MGI:5631288 | C57BL/6N-Man2b2<tm1b(KOMP)Wtsi>/Tcp
 MGI:5608472 | C57BL/6N-Map2k7<tm1a(EUCOMM)Wtsi>/Wtsi
 MGI:5631290 | C57BL/6N-Map3k10<tm1b(EUCOMM)Hmgu>/Cnrm
 MGI:5704575 | C57BL/6N-Map3k1<tm1a(KOMP)Wtsi>/Wtsi
 MGI:5703143 | C57BL/6N-Map3k1<tm1a(KOMP)Wtsi>/Wtsi
 MGI:5700932 | C57BL/6N-Map3k1<tm1a(KOMP)Wtsi>/Wtsi
 MGI:5701785 | C57BL/6N-Map3k1<tm1a(KOMP)Wtsi>/Wtsi
 MGI:5608410 | C57BL/6N-Map3k1<tm1a(KOMP)Wtsi>/Wtsi
 MGI:5631292 | C57BL/6N-Map3k7<tm1b(EUCOMM)Wtsi>/H
 MGI:5639395 | C57BL/6N-Map3k7<tm1b(EUCOMM)Wtsi>/H
 MGI:5631294 | C57BL/6N-Mapkap1<tm1a(EUCOMM)Wtsi>/Bay
 MGI:5631293 | C57BL/6N-Mapkap1<tm1a(EUCOMM)Wtsi>/Bay
 MGI:5631295 | C57BL/6N-Mapkap1<tm1b(EUCOMM)Wtsi>/Bay
 MGI:5608321 | C57BL/6N-Mapkapk2<tm1b(EUCOMM)Hmgu>/H
 MGI:5608296 | C57BL/6N-Mapkbp1<tm1b(EUCOMM)Hmgu>/H
 MGI:5642446 | C57BL/6N-Marveld2<tm1b(EUCOMM)Wtsi>/H
 MGI:5631296 | C57BL/6N-Mas1<tm1(KOMP)Vlcg>/Ucd
 MGI:5631298 | C57BL/6N-Mbd6<tm1.1(KOMP)Vlcg>/Ucd
 MGI:5703144 | C57BL/6N-Med22<tm1a(EUCOMM)Wtsi>/Wtsi
 MGI:5704576 | C57BL/6N-Med22<tm1a(EUCOMM)Wtsi>/Wtsi
 MGI:5701786 | C57BL/6N-Med22<tm1a(EUCOMM)Wtsi>/Wtsi
 MGI:5631302 | C57BL/6N-Med22<tm1a(EUCOMM)Wtsi>/Wtsi
 MGI:5700934 | C57BL/6N-Med22<tm1a(EUCOMM)Wtsi>/Wtsi
 MGI:5631304 | C57BL/6N-Med28<tm1.1(KOMP)Vlcg>/Ucd
 MGI:5631306 | C57BL/6N-Memo1<tm1a(EUCOMM)Wtsi>/Bay
 MGI:5631305 | C57BL/6N-Memo1<tm1a(EUCOMM)Wtsi>/Bay
 MGI:5639397 | C57BL/6N-Memo1<tm1b(EUCOMM)Wtsi>/Bay
 MGI:5631307 | C57BL/6N-Mgl2<tm1b(KOMP)Wtsi>/Ucd
 MGI:5631308 | C57BL/6N-Mid1ip1<tm1.1(KOMP)Vlcg>/Ucd
 MGI:5631309 | C57BL/6N-Mid2<tm1b(KOMP)Wtsi>/Ucd
 MGI:5631310 | C57BL/6N-Mid2<tm1b(KOMP)Wtsi>/Ucd
 MGI:5608300 | C57BL/6N-Mllt3<tm1b(EUCOMM)Hmgu>/Cnrm
 MGI:5631311 | C57BL/6N-Mllt3<tm1b(EUCOMM)Hmgu>/Cnrm
 MGI:5631312 | C57BL/6N-Mmp16<tm1b(EUCOMM)Wtsi>/H
 MGI:5631314 | C57BL/6N-Mmrn1<tm1b(EUCOMM)Hmgu>/Cnrm
 MGI:5631315 | C57BL/6N-Mocs2<tm1b(EUCOMM)Wtsi>/Ieg
 MGI:5608234 | C57BL/6N-Mocs2<tm1b(EUCOMM)Wtsi>/Ieg
 MGI:5631319 | C57BL/6N-Mrps5<tm1b(EUCOMM)Wtsi>/Wtsi
 MGI:5608429 | C57BL/6N-Mrps5<tm1b(EUCOMM)Wtsi>/Wtsi
 MGI:5631320 | C57BL/6N-Msantd1<tm1.1(KOMP)Vlcg>/Ucd
 MGI:5631322 | C57BL/6N-Mtch2<tm1b(EUCOMM)Hmgu>/Cnrm
 MGI:5631323 | C57BL/6N-Mtch2<tm1b(EUCOMM)Hmgu>/Cnrm
 MGI:5608265 | C57BL/6N-Mxra7<tm1b(EUCOMM)Wtsi>/H
 MGI:5608239 | C57BL/6N-Mybbp1a<tm1b(EUCOMM)Hmgu>/Ieg
 MGI:5631326 | C57BL/6N-Mybphl<tm1b(KOMP)Wtsi>/Wtsi
 MGI:5631327 | C57BL/6N-Mybphl<tm1b(KOMP)Wtsi>/Wtsi
 MGI:5639399 | C57BL/6N-Myo18a<tm1b(KOMP)Wtsi>/Ucd
 MGI:5608237 | C57BL/6N-Myoz1<tm1b(EUCOMM)Hmgu>/Ieg
 MGI:5631330 | C57BL/6N-Myt1l<tm1a(EUCOMM)Wtsi>/Wtsi
 MGI:5631332 | C57BL/6N-Nab2<tm1b(EUCOMM)Hmgu>/Ics
 MGI:5631334 | C57BL/6N-Nae1<tm1b(EUCOMM)Wtsi>/Ics
 MGI:5608317 | C57BL/6N-Nagk<tm1b(EUCOMM)Hmgu>/H
 MGI:5631337 | C57BL/6N-Nbr1<tm1b(KOMP)Wtsi>/H
 MGI:5631339 | C57BL/6N-Ncs1<tm1b(EUCOMM)Hmgu>/Ics
 MGI:5608238 | C57BL/6N-Ndfip2<tm1b(EUCOMM)Hmgu>/Ieg
 MGI:5631340 | C57BL/6N-Ndufa8<tm1b(EUCOMM)Hmgu>/Ieg
 MGI:5631342 | C57BL/6N-Ndufs1<tm1b(EUCOMM)Hmgu>/Ieg
 MGI:5700940 | C57BL/6N-Nek9<tm1a(EUCOMM)Wtsi>/Wtsi
 MGI:5701787 | C57BL/6N-Nek9<tm1a(EUCOMM)Wtsi>/Wtsi
 MGI:5704577 | C57BL/6N-Nek9<tm1a(EUCOMM)Wtsi>/Wtsi
 MGI:5703145 | C57BL/6N-Nek9<tm1a(EUCOMM)Wtsi>/Wtsi
 MGI:5631344 | C57BL/6N-Nfatc3<tm1b(EUCOMM)Hmgu>/Ieg
 MGI:5642448 | C57BL/6N-Nhlh2<tm1b(KOMP)Mbp>/Tcp
 MGI:5701788 | C57BL/6N-Nhp2<tm1a(KOMP)Wtsi>/Wtsi
 MGI:5608390 | C57BL/6N-Nhp2<tm1a(KOMP)Wtsi>/Wtsi
 MGI:5704578 | C57BL/6N-Nhp2<tm1a(KOMP)Wtsi>/Wtsi
 MGI:5703146 | C57BL/6N-Nhp2<tm1a(KOMP)Wtsi>/Wtsi
 MGI:5700942 | C57BL/6N-Nhp2<tm1a(KOMP)Wtsi>/Wtsi
 MGI:5631348 | C57BL/6N-Nmur1<tm1.1(KOMP)Vlcg>/Ucd
 MGI:5704579 | C57BL/6N-Nol8<tm1b(EUCOMM)Hmgu>/Ics
 MGI:5703147 | C57BL/6N-Nol8<tm1b(EUCOMM)Hmgu>/Ics
 MGI:5700943 | C57BL/6N-Nol8<tm1b(EUCOMM)Hmgu>/Ics
 MGI:5631349 | C57BL/6N-Nol8<tm1b(EUCOMM)Hmgu>/Ics
 MGI:5701789 | C57BL/6N-Nol8<tm1b(EUCOMM)Hmgu>/Ics
 MGI:5608230 | C57BL/6N-Nos1ap<tm1b(KOMP)Wtsi>/Bay
 MGI:5631351 | C57BL/6N-Npc2<tm1e.1(EUCOMM)Wtsi>/Tcp
 MGI:5608314 | C57BL/6N-Nptn<tm1b(EUCOMM)Hmgu>/H
 MGI:5700944 | C57BL/6N-Nr1d1<tm1.1(KOMP)Vlcg>/Bay
 MGI:5703148 | C57BL/6N-Nr1d1<tm1.1(KOMP)Vlcg>/Bay
 MGI:5704580 | C57BL/6N-Nr1d1<tm1.1(KOMP)Vlcg>/Bay
 MGI:5701790 | C57BL/6N-Nr1d1<tm1.1(KOMP)Vlcg>/Bay
 MGI:5701791 | C57BL/6N-Nrde2<tm2a(KOMP)Wtsi>/Wtsi
 MGI:5704581 | C57BL/6N-Nrde2<tm2a(KOMP)Wtsi>/Wtsi
 MGI:5703149 | C57BL/6N-Nrde2<tm2a(KOMP)Wtsi>/Wtsi
 MGI:5700945 | C57BL/6N-Nrde2<tm2a(KOMP)Wtsi>/Wtsi
 MGI:5631355 | C57BL/6N-Ntf5<tm1b(EUCOMM)Hmgu>/Ics
 MGI:5631356 | C57BL/6N-Ntn4<tm1b(KOMP)Wtsi>/Wtsi
 MGI:5631357 | C57BL/6N-Nubpl<tm1b(KOMP)Wtsi>/Wtsi
 MGI:5631359 | C57BL/6N-Nutf2<tm1b(KOMP)Mbp>/Ucd
 MGI:5608225 | C57BL/6N-Nxn<tm1a(EUCOMM)Wtsi>/Bay
 MGI:5700947 | C57BL/6N-Oaf<tm1a(EUCOMM)Wtsi>/Wtsi
 MGI:5631361 | C57BL/6N-Oas1g<tm1b(KOMP)Wtsi>/Ucd
 MGI:5701792 | C57BL/6N-Odf3l2<tm1.1(KOMP)Vlcg>/Ucd
 MGI:5700948 | C57BL/6N-Odf3l2<tm1.1(KOMP)Vlcg>/Ucd
 MGI:5704582 | C57BL/6N-Odf3l2<tm1.1(KOMP)Vlcg>/Ucd
 MGI:5631364 | C57BL/6N-Odf3l2<tm1.1(KOMP)Vlcg>/Ucd
 MGI:5703150 | C57BL/6N-Odf3l2<tm1.1(KOMP)Vlcg>/Ucd
 MGI:5704583 | C57BL/6N-Ogdh<tm1e(KOMP)Wtsi>/Wtsi
 MGI:5703151 | C57BL/6N-Ogdh<tm1e(KOMP)Wtsi>/Wtsi
 MGI:5700950 | C57BL/6N-Ogdh<tm1e(KOMP)Wtsi>/Wtsi
 MGI:5701793 | C57BL/6N-Ogdh<tm1e(KOMP)Wtsi>/Wtsi
 MGI:5631365 | C57BL/6N-Ogdh<tm1e(KOMP)Wtsi>/Wtsi
 MGI:5703152 | C57BL/6N-Ogfod3<tm1b(KOMP)Wtsi>/Wtsi
 MGI:5704584 | C57BL/6N-Ogfod3<tm1b(KOMP)Wtsi>/Wtsi
 MGI:5701794 | C57BL/6N-Ogfod3<tm1b(KOMP)Wtsi>/Wtsi
 MGI:5700951 | C57BL/6N-Ogfod3<tm1b(KOMP)Wtsi>/Wtsi
 MGI:5631368 | C57BL/6N-Oplah<tm1b(KOMP)Wtsi>/Ieg
 MGI:5701795 | C57BL/6N-Orc3<tm1a(EUCOMM)Wtsi>/Wtsi
 MGI:5700953 | C57BL/6N-Orc3<tm1a(EUCOMM)Wtsi>/Wtsi
 MGI:5703153 | C57BL/6N-Orc3<tm1a(EUCOMM)Wtsi>/Wtsi
 MGI:5704585 | C57BL/6N-Orc3<tm1a(EUCOMM)Wtsi>/Wtsi
 MGI:5631370 | C57BL/6N-Orc3<tm1a(EUCOMM)Wtsi>/Wtsi
 MGI:5642449 | C57BL/6N-Otud6b<tm1b(EUCOMM)Wtsi>/Wtsi
 MGI:5642450 | C57BL/6N-Otud6b<tm1b(EUCOMM)Wtsi>/Wtsi
 MGI:5608467 | C57BL/6N-Oxr1<tm1a(EUCOMM)Wtsi>/Wtsi
 MGI:5631376 | C57BL/6N-P2rx4<tm1b(EUCOMM)Wtsi>/H
 MGI:5608295 | C57BL/6N-P2rx6<tm2b(EUCOMM)Wtsi>/H
 MGI:5608232 | C57BL/6N-P2rx7<tm1b(EUCOMM)Wtsi>/Ieg
 MGI:5642451 | C57BL/6N-Pak1<tm1b(EUCOMM)Hmgu>/H
 MGI:5631380 | C57BL/6N-Paqr6<tm1b(KOMP)Wtsi>/Bay
 MGI:5631381 | C57BL/6N-Parp11<tm1.1(KOMP)Vlcg>/Ucd
 MGI:5631384 | C57BL/6N-Pax4<tm1b(EUCOMM)Hmgu>/Ics
 MGI:5631385 | C57BL/6N-Pax4<tm1b(EUCOMM)Hmgu>/Ics
 MGI:5631388 | C57BL/6N-Pbx3<tm1b(EUCOMM)Wtsi>/H
 MGI:5631389 | C57BL/6N-Pbx3<tm1b(EUCOMM)Wtsi>/H
 MGI:5631390 | C57BL/6N-Pcgf2<tm1b(KOMP)Mbp>/Tcp
 MGI:5631391 | C57BL/6N-Pcsk1<tm1b(EUCOMM)Wtsi>/Ics
 MGI:5631392 | C57BL/6N-Pcsk1<tm1b(EUCOMM)Wtsi>/Ics
 MGI:5631394 | C57BL/6N-Pcx<tm1b(EUCOMM)Wtsi>/Ieg
 MGI:5642452 | C57BL/6N-Pdcd2<tm1b(EUCOMM)Wtsi>/Wtsi
 MGI:5631395 | C57BL/6N-Pde12<tm1b(KOMP)Wtsi>/Wtsi
 MGI:5631396 | C57BL/6N-Pde12<tm1b(KOMP)Wtsi>/Wtsi
 MGI:5631398 | C57BL/6N-Pdpn<tm1b(EUCOMM)Wtsi>/H
 MGI:5631397 | C57BL/6N-Pdpn<tm1b(EUCOMM)Wtsi>/H
 MGI:5608454 | C57BL/6N-Pdxk<tm1a(EUCOMM)Wtsi>/Wtsi
 MGI:5631402 | C57BL/6N-Pex26<tm1.1(KOMP)Vlcg>/Ucd
 MGI:5631403 | C57BL/6N-Pex26<tm1.1(KOMP)Vlcg>/Ucd
 MGI:5642453 | C57BL/6N-Pgs1<tm1b(EUCOMM)Hmgu>/Ieg
 MGI:5642454 | C57BL/6N-Pgs1<tm1b(EUCOMM)Hmgu>/Ieg
 MGI:5608442 | C57BL/6N-Phtf2<tm1a(EUCOMM)Wtsi>/Wtsi
 MGI:5704587 | C57BL/6N-Pigf<tm1a(KOMP)Wtsi>/Wtsi
 MGI:5700959 | C57BL/6N-Pigf<tm1a(KOMP)Wtsi>/Wtsi
 MGI:5703155 | C57BL/6N-Pigf<tm1a(KOMP)Wtsi>/Wtsi
 MGI:5701797 | C57BL/6N-Pigf<tm1a(KOMP)Wtsi>/Wtsi
 MGI:5631409 | C57BL/6N-Pigu<tm1b(EUCOMM)Hmgu>/Ics
 MGI:5631410 | C57BL/6N-Pik3c2a<tm1b(EUCOMM)Hmgu>/Tcp
 MGI:5631411 | C57BL/6N-Pik3c2a<tm1b(EUCOMM)Hmgu>/Tcp
 MGI:5642455 | C57BL/6N-Pink1<tm1b(EUCOMM)Wtsi>/H
 MGI:5639402 | C57BL/6N-Pkd1l2<tm1b(KOMP)Mbp>/H
 MGI:5631414 | C57BL/6N-Pkd2l2<tm1b(EUCOMM)Wtsi>/H
 MGI:5642456 | C57BL/6N-Pkn1<tm1b(KOMP)Wtsi>/H
 MGI:5642457 | C57BL/6N-Plac9a<tm1b(EUCOMM)Hmgu>/H
 MGI:5631417 | C57BL/6N-Plekhg3<tm1b(EUCOMM)Hmgu>/Ics
 MGI:5631418 | C57BL/6N-Plekhm1<tm1b(EUCOMM)Hmgu>/Tcp
 MGI:5631419 | C57BL/6N-Plk1<tm1b(EUCOMM)Hmgu>/Tcp
 MGI:5631420 | C57BL/6N-Plod1<tm1b(EUCOMM)Hmgu>/Tcp
 MGI:5631432 | C57BL/6N-Plpp3<tm1b(EUCOMM)Hmgu>/Cnrm
 MGI:5631421 | C57BL/6N-Pls3<tm1a(EUCOMM)Wtsi>/Wtsi
 MGI:5631423 | C57BL/6N-Pnck<tm1b(KOMP)Wtsi>/Ucd
 MGI:5631425 | C57BL/6N-Poln<tm1b(EUCOMM)Hmgu>/Cnrm
 MGI:5701799 | C57BL/6N-Pop4<tm1a(EUCOMM)Wtsi>/Wtsi
 MGI:5704588 | C57BL/6N-Pop4<tm1a(EUCOMM)Wtsi>/Wtsi
 MGI:5703156 | C57BL/6N-Pop4<tm1a(EUCOMM)Wtsi>/Wtsi
 MGI:5700963 | C57BL/6N-Pop4<tm1a(EUCOMM)Wtsi>/Wtsi
 MGI:5631429 | C57BL/6N-Pop4<tm1a(EUCOMM)Wtsi>/Wtsi
 MGI:5642458 | C57BL/6N-Ppil3<tm1b(EUCOMM)Wtsi>/Wtsi
 MGI:5631436 | C57BL/6N-Ppp6c<tm1b(EUCOMM)Hmgu>/Ics
 MGI:5631437 | C57BL/6N-Ppp6c<tm1b(EUCOMM)Hmgu>/Ics
 MGI:5632571 | C57BL/6N-Praf2<tm1e(EUCOMM)Wtsi>/Wtsi
 MGI:5631439 | C57BL/6N-Prdm10<tm1b(EUCOMM)Hmgu>/Ics
 MGI:5631438 | C57BL/6N-Prdm10<tm1b(EUCOMM)Hmgu>/Ics
 MGI:5608311 | C57BL/6N-Prdm4<tm1b(EUCOMM)Hmgu>/H
 MGI:5608286 | C57BL/6N-Primpol<tm1b(EUCOMM)Wtsi>/H
 MGI:5642460 | C57BL/6N-Prkab2<tm1b(EUCOMM)Hmgu>/H
 MGI:5642459 | C57BL/6N-Prkab2<tm1b(EUCOMM)Hmgu>/H
 MGI:5631446 | C57BL/6N-Prpf31<tm1a(EUCOMM)Wtsi>/Nju
 MGI:5608328 | C57BL/6N-Psph<tm1.1(KOMP)Vlcg>/Ucd
 MGI:5631448 | C57BL/6N-Psph<tm1.1(KOMP)Vlcg>/Ucd
 MGI:5704589 | C57BL/6N-Psph<tm1a(EUCOMM)Hmgu>/Wtsi
 MGI:5703157 | C57BL/6N-Psph<tm1a(EUCOMM)Hmgu>/Wtsi
 MGI:5700965 | C57BL/6N-Psph<tm1a(EUCOMM)Hmgu>/Wtsi
 MGI:5701800 | C57BL/6N-Psph<tm1a(EUCOMM)Hmgu>/Wtsi
 MGI:5631449 | C57BL/6N-Ptdss1<tm1b(EUCOMM)Hmgu>/Ics
 MGI:5631450 | C57BL/6N-Ptgr1<tm1b(EUCOMM)Wtsi>/Bay
 MGI:5703158 | C57BL/6N-Pth1r<tm1a(EUCOMM)Hmgu>/Wtsi
 MGI:5704590 | C57BL/6N-Pth1r<tm1a(EUCOMM)Hmgu>/Wtsi
 MGI:5701801 | C57BL/6N-Pth1r<tm1a(EUCOMM)Hmgu>/Wtsi
 MGI:5700967 | C57BL/6N-Pth1r<tm1a(EUCOMM)Hmgu>/Wtsi
 MGI:5701802 | C57BL/6N-Pthlh<tm1a(KOMP)Wtsi>/Wtsi
 MGI:5703159 | C57BL/6N-Pthlh<tm1a(KOMP)Wtsi>/Wtsi
 MGI:5631453 | C57BL/6N-Pthlh<tm1a(KOMP)Wtsi>/Wtsi
 MGI:5704591 | C57BL/6N-Pthlh<tm1a(KOMP)Wtsi>/Wtsi
 MGI:5700968 | C57BL/6N-Pthlh<tm1a(KOMP)Wtsi>/Wtsi
 MGI:5631455 | C57BL/6N-Ptma<tm1.1(KOMP)Vlcg>/Ucd
 MGI:5631456 | C57BL/6N-Ptma<tm1.1(KOMP)Vlcg>/Ucd
 MGI:5631457 | C57BL/6N-Ptpmt1<tm1.1(KOMP)Vlcg>/Ucd
 MGI:5642461 | C57BL/6N-Ptprv<tm1b(NCOM)Mfgc>/Tcp
 MGI:5631460 | C57BL/6N-Rab19<tm1b(EUCOMM)Hmgu>/Ics
 MGI:5608377 | C57BL/6N-Rab5c<tm1a(EUCOMM)Wtsi>/Wtsi
 MGI:5704592 | C57BL/6N-Rab5c<tm1a(EUCOMM)Wtsi>/Wtsi
 MGI:5701803 | C57BL/6N-Rab5c<tm1a(EUCOMM)Wtsi>/Wtsi
 MGI:5700969 | C57BL/6N-Rab5c<tm1a(EUCOMM)Wtsi>/Wtsi
 MGI:5703160 | C57BL/6N-Rab5c<tm1a(EUCOMM)Wtsi>/Wtsi
 MGI:5631466 | C57BL/6N-Rabl6<tm1b(KOMP)Wtsi>/Ucd
 MGI:5631468 | C57BL/6N-Raf1<tm1b(EUCOMM)Wtsi>/Ics
 MGI:5700972 | C57BL/6N-Ralgapb<tm1a(KOMP)Wtsi>/Wtsi
 MGI:5701804 | C57BL/6N-Ralgapb<tm1a(KOMP)Wtsi>/Wtsi
 MGI:5704593 | C57BL/6N-Ralgapb<tm1a(KOMP)Wtsi>/Wtsi
 MGI:5631469 | C57BL/6N-Ralgapb<tm1a(KOMP)Wtsi>/Wtsi
 MGI:5703161 | C57BL/6N-Ralgapb<tm1a(KOMP)Wtsi>/Wtsi
 MGI:5642463 | C57BL/6N-Ramp1<tm1b(EUCOMM)Wtsi>/H
 MGI:5642464 | C57BL/6N-Rapsn<tm1b(EUCOMM)Wtsi>/H
 MGI:5608359 | C57BL/6N-Rbp4<tm1.1(KOMP)Vlcg>/Ucd
 MGI:5703162 | C57BL/6N-Rbsn<tm1a(EUCOMM)Wtsi>/Wtsi
 MGI:5700973 | C57BL/6N-Rbsn<tm1a(EUCOMM)Wtsi>/Wtsi
 MGI:5701805 | C57BL/6N-Rbsn<tm1a(EUCOMM)Wtsi>/Wtsi
 MGI:5704594 | C57BL/6N-Rbsn<tm1a(EUCOMM)Wtsi>/Wtsi
 MGI:5631473 | C57BL/6N-Rbsn<tm1a(EUCOMM)Wtsi>/Wtsi
 MGI:5703163 | C57BL/6N-Recql4<tm1.1(KOMP)Vlcg>/Ucd
 MGI:5704595 | C57BL/6N-Recql4<tm1.1(KOMP)Vlcg>/Ucd
 MGI:5700974 | C57BL/6N-Recql4<tm1.1(KOMP)Vlcg>/Ucd
 MGI:5701806 | C57BL/6N-Recql4<tm1.1(KOMP)Vlcg>/Ucd
 MGI:5631476 | C57BL/6N-Recql4<tm1.1(KOMP)Vlcg>/Ucd
 MGI:5631478 | C57BL/6N-Reg2<tm1.1(KOMP)Vlcg>/Ucd
 MGI:5703164 | C57BL/6N-Rfx6<tm1.1(KOMP)Vlcg>/Ucd
 MGI:5704596 | C57BL/6N-Rfx6<tm1.1(KOMP)Vlcg>/Ucd
 MGI:5700976 | C57BL/6N-Rfx6<tm1.1(KOMP)Vlcg>/Ucd
 MGI:5701807 | C57BL/6N-Rfx6<tm1.1(KOMP)Vlcg>/Ucd
 MGI:5701808 | C57BL/6N-Rhbdl1<tm1.1(KOMP)Vlcg>/Ucd
 MGI:5700977 | C57BL/6N-Rhbdl1<tm1.1(KOMP)Vlcg>/Ucd
 MGI:5631482 | C57BL/6N-Rhbdl1<tm1.1(KOMP)Vlcg>/Ucd
 MGI:5703165 | C57BL/6N-Rhbdl1<tm1.1(KOMP)Vlcg>/Ucd
 MGI:5704597 | C57BL/6N-Rhbdl1<tm1.1(KOMP)Vlcg>/Ucd
 MGI:5631484 | C57BL/6N-Rhbdl3<tm1b(EUCOMM)Wtsi>/H
 MGI:5631485 | C57BL/6N-Ric8b<tm1b(EUCOMM)Hmgu>/Cnrm
 MGI:5631486 | C57BL/6N-Ric8b<tm1b(EUCOMM)Hmgu>/Cnrm
 MGI:5631487 | C57BL/6N-Rilpl1<tm1b(EUCOMM)Hmgu>/Ieg
 MGI:5608320 | C57BL/6N-Rlbp1<tm1b(EUCOMM)Hmgu>/H
 MGI:5631492 | C57BL/6N-Rln3<tm1(KOMP)Mbp>/Ucd
 MGI:5704598 | C57BL/6N-Rnaseh2c<tm1(KOMP)Wtsi>/Wtsi
 MGI:5700978 | C57BL/6N-Rnaseh2c<tm1(KOMP)Wtsi>/Wtsi
 MGI:5631493 | C57BL/6N-Rnaseh2c<tm1(KOMP)Wtsi>/Wtsi
 MGI:5701809 | C57BL/6N-Rnaseh2c<tm1(KOMP)Wtsi>/Wtsi
 MGI:5703166 | C57BL/6N-Rnaseh2c<tm1(KOMP)Wtsi>/Wtsi
 MGI:5608338 | C57BL/6N-Rnf10<tm1b(KOMP)Wtsi>/Wtsi
 MGI:5631495 | C57BL/6N-Rnf10<tm1b(KOMP)Wtsi>/Wtsi
 MGI:5631496 | C57BL/6N-Rnf144b<tm1b(EUCOMM)Hmgu>/Ics
 MGI:5608283 | C57BL/6N-Rnf183<tm1b(KOMP)Wtsi>/H
 MGI:5631497 | C57BL/6N-Rnf20<tm1.1(KOMP)Vlcg>/Tcp
 MGI:5631498 | C57BL/6N-Rnf216<tm1b(EUCOMM)Wtsi>/Tcp
 MGI:5701810 | C57BL/6N-Rpgrip1l<tm1a(EUCOMM)Wtsi>/Wtsi
 MGI:5700979 | C57BL/6N-Rpgrip1l<tm1a(EUCOMM)Wtsi>/Wtsi
 MGI:5608432 | C57BL/6N-Rpgrip1l<tm1a(EUCOMM)Wtsi>/Wtsi
 MGI:5703167 | C57BL/6N-Rpgrip1l<tm1a(EUCOMM)Wtsi>/Wtsi
 MGI:5704599 | C57BL/6N-Rpgrip1l<tm1a(EUCOMM)Wtsi>/Wtsi
 MGI:5700980 | C57BL/6N-Rpia<tm1a(KOMP)Wtsi>/Wtsi
 MGI:5704600 | C57BL/6N-Rpia<tm1a(KOMP)Wtsi>/Wtsi
 MGI:5701811 | C57BL/6N-Rpia<tm1a(KOMP)Wtsi>/Wtsi
 MGI:5703168 | C57BL/6N-Rpia<tm1a(KOMP)Wtsi>/Wtsi
 MGI:5631502 | C57BL/6N-Rptor<tm2b(EUCOMM)Wtsi>/H
 MGI:5608325 | C57BL/6N-Rsad1<tm1.1(KOMP)Vlcg>/Ucd
 MGI:5631504 | C57BL/6N-Rsad1<tm1.1(KOMP)Vlcg>/Ucd
 MGI:5631505 | C57BL/6N-Rsbn1<tm1b(EUCOMM)Wtsi>/H
 MGI:5608278 | C57BL/6N-Rsbn1<tm1b(EUCOMM)Wtsi>/H
 MGI:5631506 | C57BL/6N-Rsf1<tm1b(EUCOMM)Wtsi>/Tcp
 MGI:5631507 | C57BL/6N-Rufy2<tm1a(EUCOMM)Wtsi>/Wtsi
 MGI:5631509 | C57BL/6N-Rundc1<tm1b(EUCOMM)Wtsi>/Wtsi
 MGI:5631510 | C57BL/6N-Rwdd3<tm1b(KOMP)Wtsi>/Ics
 MGI:5608231 | C57BL/6N-Rxfp2<tm1b(EUCOMM)Wtsi>/Ieg
 MGI:5642465 | C57BL/6N-Ryr2<tm1b(KOMP)Wtsi>/H
 MGI:5642466 | C57BL/6N-Ryr2<tm1b(KOMP)Wtsi>/H
 MGI:5631511 | C57BL/6N-S100a14<tm1b(EUCOMM)Hmgu>/Tcp
 MGI:5631512 | C57BL/6N-S100a14<tm1b(EUCOMM)Hmgu>/Tcp
 MGI:5701812 | C57BL/6N-Sap130<tm1a(KOMP)Mbp>/Wtsi
 MGI:5700982 | C57BL/6N-Sap130<tm1a(KOMP)Mbp>/Wtsi
 MGI:5704601 | C57BL/6N-Sap130<tm1a(KOMP)Mbp>/Wtsi
 MGI:5703169 | C57BL/6N-Sap130<tm1a(KOMP)Mbp>/Wtsi
 MGI:5639405 | C57BL/6N-Satb2<tm1b(KOMP)Wtsi>/Ucd
 MGI:5608340 | C57BL/6N-Satb2<tm1b(KOMP)Wtsi>/Ucd
 MGI:5631514 | C57BL/6N-Scarb1<tm1b(EUCOMM)Wtsi>/Bay
 MGI:5631515 | C57BL/6N-Scn4a<tm2b(KOMP)Wtsi>/H
 MGI:5631516 | C57BL/6N-Scn4a<tm2b(KOMP)Wtsi>/H
 MGI:5608309 | C57BL/6N-Scnn1b<tm1b(EUCOMM)Hmgu>/Cnrm
 MGI:5631517 | C57BL/6N-Scnn1b<tm1b(EUCOMM)Hmgu>/Cnrm
 MGI:5631519 | C57BL/6N-Scrib<tm1a(NCOM)Mfgc>/Tcp
 MGI:5631518 | C57BL/6N-Scrib<tm1a(NCOM)Mfgc>/Tcp
 MGI:5631522 | C57BL/6N-Sdhb<tm1b(EUCOMM)Hmgu>/Ieg
 MGI:5703170 | C57BL/6N-Sec22b<tm1a(EUCOMM)Wtsi>/Wtsi
 MGI:5631523 | C57BL/6N-Sec22b<tm1a(EUCOMM)Wtsi>/Wtsi
 MGI:5700984 | C57BL/6N-Sec22b<tm1a(EUCOMM)Wtsi>/Wtsi
 MGI:5701813 | C57BL/6N-Sec22b<tm1a(EUCOMM)Wtsi>/Wtsi
 MGI:5704602 | C57BL/6N-Sec22b<tm1a(EUCOMM)Wtsi>/Wtsi
 MGI:5608371 | C57BL/6N-Secisbp2<tm1a(EUCOMM)Wtsi>/H
 MGI:5631524 | C57BL/6N-Secisbp2<tm1a(EUCOMM)Wtsi>/H
 MGI:5631526 | C57BL/6N-Selenbp1<tm1b(KOMP)Wtsi>/Ucd
 MGI:5642467 | C57BL/6N-Sema3f<tm1b(EUCOMM)Hmgu>/H
 MGI:5703171 | C57BL/6N-Sept10<tm1a(KOMP)Wtsi>/Wtsi
 MGI:5704603 | C57BL/6N-Sept10<tm1a(KOMP)Wtsi>/Wtsi
 MGI:5701814 | C57BL/6N-Sept10<tm1a(KOMP)Wtsi>/Wtsi
 MGI:5700986 | C57BL/6N-Sept10<tm1a(KOMP)Wtsi>/Wtsi
 MGI:5704604 | C57BL/6N-Setd5<tm1a(EUCOMM)Wtsi>/Wtsi
 MGI:5700988 | C57BL/6N-Setd5<tm1a(EUCOMM)Wtsi>/Wtsi
 MGI:5703172 | C57BL/6N-Setd5<tm1a(EUCOMM)Wtsi>/Wtsi
 MGI:5701815 | C57BL/6N-Setd5<tm1a(EUCOMM)Wtsi>/Wtsi
 MGI:5631531 | C57BL/6N-Sfxn3<tm1b(KOMP)Wtsi>/Wtsi
 MGI:5631532 | C57BL/6N-Sgip1<tm1b(EUCOMM)Hmgu>/Ieg
 MGI:5631535 | C57BL/6N-Sh3bp2<tm1b(KOMP)Wtsi>/Tcp
 MGI:5608342 | C57BL/6N-Sh3gl2<tm1b(EUCOMM)Wtsi>/Tcp
 MGI:5631538 | C57BL/6N-Sirt1<tm1b(EUCOMM)Wtsi>/H
 MGI:5608291 | C57BL/6N-Sirt1<tm1b(EUCOMM)Wtsi>/H
 MGI:5608322 | C57BL/6N-Sirt4<tm1b(EUCOMM)Hmgu>/H
 MGI:5608413 | C57BL/6N-Skida1<tm1(KOMP)Wtsi>/Wtsi
 MGI:5703173 | C57BL/6N-Skida1<tm1(KOMP)Wtsi>/Wtsi
 MGI:5704605 | C57BL/6N-Skida1<tm1(KOMP)Wtsi>/Wtsi
 MGI:5700989 | C57BL/6N-Skida1<tm1(KOMP)Wtsi>/Wtsi
 MGI:5701816 | C57BL/6N-Skida1<tm1(KOMP)Wtsi>/Wtsi
 MGI:5631541 | C57BL/6N-Slc13a3<tm1b(KOMP)Wtsi>/Ucd
 MGI:5642468 | C57BL/6N-Slc15a3<tm1b(KOMP)Wtsi>/H
 MGI:5704606 | C57BL/6N-Slc20a2<tm1a(EUCOMM)Wtsi>/Wtsi
 MGI:5703174 | C57BL/6N-Slc20a2<tm1a(EUCOMM)Wtsi>/Wtsi
 MGI:5700991 | C57BL/6N-Slc20a2<tm1a(EUCOMM)Wtsi>/Wtsi
 MGI:5701817 | C57BL/6N-Slc20a2<tm1a(EUCOMM)Wtsi>/Wtsi
 MGI:5608407 | C57BL/6N-Slc20a2<tm1a(EUCOMM)Wtsi>/Wtsi
 MGI:5704607 | C57BL/6N-Slc25a20<tm1a(EUCOMM)Wtsi>/Wtsi
 MGI:5703175 | C57BL/6N-Slc25a20<tm1a(EUCOMM)Wtsi>/Wtsi
 MGI:5700992 | C57BL/6N-Slc25a20<tm1a(EUCOMM)Wtsi>/Wtsi
 MGI:5701818 | C57BL/6N-Slc25a20<tm1a(EUCOMM)Wtsi>/Wtsi
 MGI:5631545 | C57BL/6N-Slc25a3<tm1b(EUCOMM)Wtsi>/Ucd
 MGI:5608372 | C57BL/6N-Slc38a10<tm1a(EUCOMM)Wtsi>/Wtsi
 MGI:5703176 | C57BL/6N-Slc39a7<tm1.1(KOMP)Mbp>/Ucd
 MGI:5701819 | C57BL/6N-Slc39a7<tm1.1(KOMP)Mbp>/Ucd
 MGI:5704608 | C57BL/6N-Slc39a7<tm1.1(KOMP)Mbp>/Ucd
 MGI:5700993 | C57BL/6N-Slc39a7<tm1.1(KOMP)Mbp>/Ucd
 MGI:5631548 | C57BL/6N-Slc39a8<tm1b(EUCOMM)Wtsi>/Cnrm
 MGI:5631547 | C57BL/6N-Slc39a8<tm1b(EUCOMM)Wtsi>/Cnrm
 MGI:5631549 | C57BL/6N-Slc40a1<tm1b(EUCOMM)Hmgu>/H
 MGI:5608302 | C57BL/6N-Slc40a1<tm1b(EUCOMM)Hmgu>/H
 MGI:5631550 | C57BL/6N-Slc45a3<tm1.1(KOMP)Vlcg>/Ucd
 MGI:5631552 | C57BL/6N-Slc52a2<tm1.1(KOMP)Vlcg>/Ucd
 MGI:5608334 | C57BL/6N-Slc52a2<tm1.1(KOMP)Vlcg>/Ucd
 MGI:5703177 | C57BL/6N-Slc5a7<tm1a(KOMP)Wtsi>/Wtsi
 MGI:5631553 | C57BL/6N-Slc5a7<tm1a(KOMP)Wtsi>/Wtsi
 MGI:5704609 | C57BL/6N-Slc5a7<tm1a(KOMP)Wtsi>/Wtsi
 MGI:5701820 | C57BL/6N-Slc5a7<tm1a(KOMP)Wtsi>/Wtsi
 MGI:5700994 | C57BL/6N-Slc5a7<tm1a(KOMP)Wtsi>/Wtsi
 MGI:5631555 | C57BL/6N-Slc6a14<tm1b(KOMP)Wtsi>/Tcp
 MGI:5701821 | C57BL/6N-Slc6a5<tm1.1(KOMP)Vlcg>/Ucd
 MGI:5703178 | C57BL/6N-Slc6a5<tm1.1(KOMP)Vlcg>/Ucd
 MGI:5631557 | C57BL/6N-Slc6a5<tm1.1(KOMP)Vlcg>/Ucd
 MGI:5704610 | C57BL/6N-Slc6a5<tm1.1(KOMP)Vlcg>/Ucd
 MGI:5700995 | C57BL/6N-Slc6a5<tm1.1(KOMP)Vlcg>/Ucd
 MGI:5631559 | C57BL/6N-Slc7a11<tm1b(EUCOMM)Wtsi>/Ics
 MGI:5631560 | C57BL/6N-Slc7a13<tm1.1(KOMP)Vlcg>/Ucd
 MGI:5642469 | C57BL/6N-Slfn4<tm1b(EUCOMM)Wtsi>/H
 MGI:5631562 | C57BL/6N-Smc5<tm1b(KOMP)Wtsi>/Ics
 MGI:5631561 | C57BL/6N-Smc5<tm1b(KOMP)Wtsi>/Ics
 MGI:5608229 | C57BL/6N-Smco2<tm1b(EUCOMM)Wtsi>/Bay
 MGI:5631563 | C57BL/6N-Smdt1<tm1b(EUCOMM)Wtsi>/Bay
 MGI:5631564 | C57BL/6N-Smoc1<tm1b(EUCOMM)Wtsi>/H
 MGI:5631565 | C57BL/6N-Smoc1<tm1b(EUCOMM)Wtsi>/H
 MGI:5631566 | C57BL/6N-Smpd4<tm2b(KOMP)Wtsi>/Wtsi
 MGI:5631568 | C57BL/6N-Smurf2<tm1b(EUCOMM)Wtsi>/H
 MGI:5631567 | C57BL/6N-Smurf2<tm1b(EUCOMM)Wtsi>/H
 MGI:5631570 | C57BL/6N-Snrnp200<tm1b(KOMP)Mbp>/H
 MGI:5631571 | C57BL/6N-Snrnp200<tm1b(KOMP)Mbp>/H
 MGI:5631572 | C57BL/6N-Snrnp27<tm1b(EUCOMM)Wtsi>/Wtsi
 MGI:5631573 | C57BL/6N-Snrnp27<tm1b(EUCOMM)Wtsi>/Wtsi
 MGI:5631574 | C57BL/6N-Snx27<tm1b(KOMP)Wtsi>/Ucd
 MGI:5631575 | C57BL/6N-Snx29<tm1b(EUCOMM)Hmgu>/Ics
 MGI:5631576 | C57BL/6N-Socs1<tm1.1(KOMP)Vlcg>/Tcp
 MGI:5642470 | C57BL/6N-Sort1<tm1b(EUCOMM)Wtsi>/H
 MGI:5631579 | C57BL/6N-Spg20<tm2b(EUCOMM)Hmgu>/Cnrm
 MGI:5631581 | C57BL/6N-Spop<tm1b(KOMP)Wtsi>/Tcp
 MGI:5631582 | C57BL/6N-Spop<tm1b(KOMP)Wtsi>/Tcp
 MGI:5642471 | C57BL/6N-Sptbn2<tm1b(EUCOMM)Hmgu>/H
 MGI:5608353 | C57BL/6N-Sra1<tm1b(EUCOMM)Hmgu>/Tcp
 MGI:5631589 | C57BL/6N-Srsf7<tm1a(EUCOMM)Wtsi>/Wtsi
 MGI:5631592 | C57BL/6N-Stag3<tm1e.1(KOMP)Wtsi>/J
 MGI:5608282 | C57BL/6N-Stard10<tm1b(KOMP)Wtsi>/H
 MGI:5608449 | C57BL/6N-Stard8<tm1b(EUCOMM)Wtsi>/Wtsi
 MGI:5631597 | C57BL/6N-Supt4a<tm1b(EUCOMM)Hmgu>/Tcp
 MGI:5701822 | C57BL/6N-Supt5<tm2a(KOMP)Wtsi>/Wtsi
 MGI:5704611 | C57BL/6N-Supt5<tm2a(KOMP)Wtsi>/Wtsi
 MGI:5701005 | C57BL/6N-Supt5<tm2a(KOMP)Wtsi>/Wtsi
 MGI:5703179 | C57BL/6N-Supt5<tm2a(KOMP)Wtsi>/Wtsi
 MGI:5631599 | C57BL/6N-Synpo2<tm1b(EUCOMM)Wtsi>/Ics
 MGI:5631600 | C57BL/6N-Sypl<tm1b(KOMP)Wtsi>/Tcp
 MGI:5631601 | C57BL/6N-Syt17<tm1b(KOMP)Wtsi>/Ucd
 MGI:5608400 | C57BL/6N-Syt1<tm1a(EUCOMM)Wtsi>/Wtsi
 MGI:5704612 | C57BL/6N-Syt1<tm1a(EUCOMM)Wtsi>/Wtsi
 MGI:5703180 | C57BL/6N-Syt1<tm1a(EUCOMM)Wtsi>/Wtsi
 MGI:5701823 | C57BL/6N-Syt1<tm1a(EUCOMM)Wtsi>/Wtsi
 MGI:5701009 | C57BL/6N-Syt1<tm1a(EUCOMM)Wtsi>/Wtsi
 MGI:5631603 | C57BL/6N-Taar2<tm1.1(KOMP)Vlcg>/Ucd
 MGI:5608273 | C57BL/6NTac-Bbs5<tm1b(EUCOMM)Wtsi>/H
 MGI:5639413 | C57BL/6NTac-Usp3<tm1a(EUCOMM)Wtsi>/WtsiH
 MGI:5631604 | C57BL/6N-Tango6<tm1b(EUCOMM)Hmgu>/Cnrm
 MGI:5631605 | C57BL/6N-Tango6<tm1b(EUCOMM)Hmgu>/Cnrm
 MGI:5608294 | C57BL/6N-Tbkbp1<tm1b(EUCOMM)Wtsi>/H
 MGI:5631607 | C57BL/6N-Tcaim<tm1b(EUCOMM)Wtsi>/H
 MGI:5608450 | C57BL/6N-Tceal5<tm1a(KOMP)Wtsi>/Wtsi
 MGI:5631608 | C57BL/6N-Tcf19<tm1b(EUCOMM)Hmgu>/Tcp
 MGI:5701824 | C57BL/6N-Tcf4<tm1a(EUCOMM)Wtsi>/Wtsi
 MGI:5703181 | C57BL/6N-Tcf4<tm1a(EUCOMM)Wtsi>/Wtsi
 MGI:5608383 | C57BL/6N-Tcf4<tm1a(EUCOMM)Wtsi>/Wtsi
 MGI:5701011 | C57BL/6N-Tcf4<tm1a(EUCOMM)Wtsi>/Wtsi
 MGI:5704613 | C57BL/6N-Tcf4<tm1a(EUCOMM)Wtsi>/Wtsi
 MGI:5631610 | C57BL/6N-Tcf7l2<tm1a(EUCOMM)Wtsi>/Wtsi
 MGI:5701825 | C57BL/6N-Tcf7l2<tm1a(EUCOMM)Wtsi>/Wtsi
 MGI:5703182 | C57BL/6N-Tcf7l2<tm1a(EUCOMM)Wtsi>/Wtsi
 MGI:5701012 | C57BL/6N-Tcf7l2<tm1a(EUCOMM)Wtsi>/Wtsi
 MGI:5704614 | C57BL/6N-Tcf7l2<tm1a(EUCOMM)Wtsi>/Wtsi
 MGI:5631612 | C57BL/6N-Tead1<tm1a(KOMP)Wtsi>/Bay
 MGI:5631613 | C57BL/6N-Tead1<tm1a(KOMP)Wtsi>/Bay
 MGI:5631614 | C57BL/6N-Tead1<tm1b(KOMP)Wtsi>/Bay
 MGI:5631615 | C57BL/6N-Tead1<tm1b(KOMP)Wtsi>/Bay
 MGI:5631616 | C57BL/6N-Tfeb<tm1b(EUCOMM)Wtsi>/Bay
 MGI:5639409 | C57BL/6N-Tfeb<tm1b(EUCOMM)Wtsi>/Bay
 MGI:5631618 | C57BL/6N-Thada<tm1b(KOMP)Wtsi>/Wtsi
 MGI:5631619 | C57BL/6N-Thpo<tm1.1(KOMP)Vlcg>/Ucd
 MGI:5639410 | C57BL/6N-Timm50<tm1b(EUCOMM)Wtsi>/Ics
 MGI:5631621 | C57BL/6N-Timm50<tm1b(EUCOMM)Wtsi>/Ics
 MGI:5631625 | C57BL/6N-Tmem100<tm1e.1(KOMP)Wtsi>/Tcp
 MGI:5631626 | C57BL/6N-Tmem100<tm1e.1(KOMP)Wtsi>/Tcp
 MGI:5639411 | C57BL/6N-Tmem108<tm1b(EUCOMM)Wtsi>/Ics
 MGI:5631627 | C57BL/6N-Tmem126a<tm1a(EUCOMM)Wtsi>/Wtsi
 MGI:5608226 | C57BL/6N-Tmem132a<tm1b(KOMP)Wtsi>/Wtsi
 MGI:5631628 | C57BL/6N-Tmem132a<tm1b(KOMP)Wtsi>/Wtsi
 MGI:5642473 | C57BL/6N-Tmem136<tm1.1(KOMP)Vlcg>/J
 MGI:5631631 | C57BL/6N-Tmem254b<tm1a(KOMP)Wtsi>/Wtsi
 MGI:5704615 | C57BL/6N-Tmem30a<tm1a(KOMP)Wtsi>/Wtsi
 MGI:5703183 | C57BL/6N-Tmem30a<tm1a(KOMP)Wtsi>/Wtsi
 MGI:5701022 | C57BL/6N-Tmem30a<tm1a(KOMP)Wtsi>/Wtsi
 MGI:5701826 | C57BL/6N-Tmem30a<tm1a(KOMP)Wtsi>/Wtsi
 MGI:5631632 | C57BL/6N-Tmem63b<tm1b(EUCOMM)Wtsi>/Ics
 MGI:5631633 | C57BL/6N-Tmem97<tm1.1(KOMP)Vlcg>/Ucd
 MGI:5701827 | C57BL/6N-Tox3<tm1b(KOMP)Mbp>/Ucd
 MGI:5608335 | C57BL/6N-Tox3<tm1b(KOMP)Mbp>/Ucd
 MGI:5704616 | C57BL/6N-Tox3<tm1b(KOMP)Mbp>/Ucd
 MGI:5703184 | C57BL/6N-Tox3<tm1b(KOMP)Mbp>/Ucd
 MGI:5701023 | C57BL/6N-Tox3<tm1b(KOMP)Mbp>/Ucd
 MGI:5704617 | C57BL/6N-Traf6<tm2a(EUCOMM)Wtsi>/Wtsi
 MGI:5703185 | C57BL/6N-Traf6<tm2a(EUCOMM)Wtsi>/Wtsi
 MGI:5701828 | C57BL/6N-Traf6<tm2a(EUCOMM)Wtsi>/Wtsi
 MGI:5701024 | C57BL/6N-Traf6<tm2a(EUCOMM)Wtsi>/Wtsi
 MGI:5631639 | C57BL/6N-Traf6<tm2a(EUCOMM)Wtsi>/Wtsi
 MGI:5701027 | C57BL/6N-Trub2<tm2a(EUCOMM)Wtsi>/Wtsi
 MGI:5703186 | C57BL/6N-Trub2<tm2a(EUCOMM)Wtsi>/Wtsi
 MGI:5701829 | C57BL/6N-Trub2<tm2a(EUCOMM)Wtsi>/Wtsi
 MGI:5704618 | C57BL/6N-Trub2<tm2a(EUCOMM)Wtsi>/Wtsi
 MGI:5608399 | C57BL/6N-Tsfm<tm1a(EUCOMM)Wtsi>/Wtsi
 MGI:5701830 | C57BL/6N-Tsfm<tm1a(EUCOMM)Wtsi>/Wtsi
 MGI:5701029 | C57BL/6N-Tsfm<tm1a(EUCOMM)Wtsi>/Wtsi
 MGI:5703187 | C57BL/6N-Tsfm<tm1a(EUCOMM)Wtsi>/Wtsi
 MGI:5704619 | C57BL/6N-Tsfm<tm1a(EUCOMM)Wtsi>/Wtsi
 MGI:5631645 | C57BL/6N-Tspyl2<tm1b(KOMP)Wtsi>/Wtsi
 MGI:5631646 | C57BL/6N-Tst<tm1.1(KOMP)Vlcg>/Ucd
 MGI:5631647 | C57BL/6N-Tulp3<tm1b(EUCOMM)Hmgu>/H
 MGI:5631648 | C57BL/6N-Tulp3<tm1b(EUCOMM)Hmgu>/H
 MGI:5631650 | C57BL/6N-Ube2b<tm1b(EUCOMM)Wtsi>/Ics
 MGI:5631649 | C57BL/6N-Ube2b<tm1b(EUCOMM)Wtsi>/Ics
 MGI:5608269 | C57BL/6N-Ube2e2<tm1b(KOMP)Wtsi>/Ucd
 MGI:5703188 | C57BL/6N-Ublcp1<tm1b(KOMP)Wtsi>/Bay
 MGI:5631654 | C57BL/6N-Ublcp1<tm1b(KOMP)Wtsi>/Bay
 MGI:5704620 | C57BL/6N-Ublcp1<tm1b(KOMP)Wtsi>/Bay
 MGI:5701831 | C57BL/6N-Ublcp1<tm1b(KOMP)Wtsi>/Bay
 MGI:5701031 | C57BL/6N-Ublcp1<tm1b(KOMP)Wtsi>/Bay
 MGI:5631656 | C57BL/6N-Ubox5<tm1b(EUCOMM)Hmgu>/Tcp
 MGI:5631657 | C57BL/6N-Uhrf2<tm1b(EUCOMM)Wtsi>/Tcp
 MGI:5631658 | C57BL/6N-Unc119<tm1.1(KOMP)Vlcg>/Ucd
 MGI:5631659 | C57BL/6N-Unc13b<tm1b(KOMP)Wtsi>/Ucd
 MGI:5631660 | C57BL/6N-Uqcrb<tm1b(EUCOMM)Wtsi>/Ieg
 MGI:5631661 | C57BL/6N-Uri1<tm1a(EUCOMM)Wtsi>/Wtsi
 MGI:5639385 | C57BL/6N-Usf3<tm1b(EUCOMM)Wtsi>/Wtsi
 MGI:5631177 | C57BL/6N-Usf3<tm1b(EUCOMM)Wtsi>/Wtsi
 MGI:5631662 | C57BL/6N-Usp11<tm1(KOMP)Wtsi>/Wtsi
 MGI:5631664 | C57BL/6N-Usp12<tm1b(EUCOMM)Hmgu>/Ieg
 MGI:5701034 | C57BL/6N-Usp22<tm1a(KOMP)Wtsi>/Wtsi
 MGI:5701832 | C57BL/6N-Usp22<tm1a(KOMP)Wtsi>/Wtsi
 MGI:5631665 | C57BL/6N-Usp22<tm1a(KOMP)Wtsi>/Wtsi
 MGI:5703189 | C57BL/6N-Usp22<tm1a(KOMP)Wtsi>/Wtsi
 MGI:5704621 | C57BL/6N-Usp22<tm1a(KOMP)Wtsi>/Wtsi
 MGI:5631667 | C57BL/6N-Usp22<tm1b(KOMP)Wtsi>/Wtsi
 MGI:5608270 | C57BL/6N-Usp22<tm1b(KOMP)Wtsi>/Wtsi
 MGI:5608318 | C57BL/6N-Usp38<tm1b(EUCOMM)Hmgu>/H
 MGI:5608266 | C57BL/6N-Usp3<tm1b(EUCOMM)Wtsi>/Wtsi
 MGI:5631668 | C57BL/6N-Usp3<tm1b(EUCOMM)Wtsi>/Wtsi
 MGI:5701833 | C57BL/6N-Usp5<tm1a(EUCOMM)Hmgu>/Wtsi
 MGI:5701036 | C57BL/6N-Usp5<tm1a(EUCOMM)Hmgu>/Wtsi
 MGI:5704622 | C57BL/6N-Usp5<tm1a(EUCOMM)Hmgu>/Wtsi
 MGI:5703190 | C57BL/6N-Usp5<tm1a(EUCOMM)Hmgu>/Wtsi
 MGI:5631669 | C57BL/6N-Vps33b<tm1a(EUCOMM)Wtsi>/Wtsi
 MGI:5703191 | C57BL/6N-Vps33b<tm1a(EUCOMM)Wtsi>/Wtsi
 MGI:5701834 | C57BL/6N-Vps33b<tm1a(EUCOMM)Wtsi>/Wtsi
 MGI:5704623 | C57BL/6N-Vps33b<tm1a(EUCOMM)Wtsi>/Wtsi
 MGI:5701038 | C57BL/6N-Vps33b<tm1a(EUCOMM)Wtsi>/Wtsi
 MGI:5631671 | C57BL/6N-Vps37d<tm2b(EUCOMM)Wtsi>/Bay
 MGI:5704624 | C57BL/6N-Vps51<tm1a(KOMP)Wtsi>/Wtsi
 MGI:5701039 | C57BL/6N-Vps51<tm1a(KOMP)Wtsi>/Wtsi
 MGI:5701835 | C57BL/6N-Vps51<tm1a(KOMP)Wtsi>/Wtsi
 MGI:5703192 | C57BL/6N-Vps51<tm1a(KOMP)Wtsi>/Wtsi
 MGI:5631672 | C57BL/6N-Vps51<tm1a(KOMP)Wtsi>/Wtsi
 MGI:5701040 | C57BL/6N-Vps53<tm1a(KOMP)Wtsi>/Wtsi
 MGI:5703193 | C57BL/6N-Vps53<tm1a(KOMP)Wtsi>/Wtsi
 MGI:5704625 | C57BL/6N-Vps53<tm1a(KOMP)Wtsi>/Wtsi
 MGI:5631674 | C57BL/6N-Vps53<tm1a(KOMP)Wtsi>/Wtsi
 MGI:5701836 | C57BL/6N-Vps53<tm1a(KOMP)Wtsi>/Wtsi
 MGI:5631681 | C57BL/6N-Wars<tm1b(EUCOMM)Hmgu>/Ieg
 MGI:5631680 | C57BL/6N-Wars<tm1b(EUCOMM)Hmgu>/Ieg
 MGI:5631683 | C57BL/6N-Wdr59<tm1b(EUCOMM)Wtsi>/Wtsi
 MGI:5631684 | C57BL/6N-Wdr59<tm1b(EUCOMM)Wtsi>/Wtsi
 MGI:5631685 | C57BL/6N-Wee1<tm1b(EUCOMM)Wtsi>/Tcp
 MGI:5631686 | C57BL/6N-Wee1<tm1b(EUCOMM)Wtsi>/Tcp
 MGI:5608421 | C57BL/6N-Wfdc18<tm1a(KOMP)Wtsi>/Wtsi
 MGI:5631688 | C57BL/6N-Wnt2b<tm1a(EUCOMM)Wtsi>/Tcp
 MGI:5608462 | C57BL/6N-Wnt3<tm2a(EUCOMM)Wtsi>/Wtsi
 MGI:5631690 | C57BL/6N-Wsb2<tm1b(EUCOMM)Hmgu>/Cnrm
 MGI:5608369 | C57BL/6N-Xbp1<tm1a(EUCOMM)Wtsi>/Ics
 MGI:5631691 | C57BL/6N-Xbp1<tm1a(EUCOMM)Wtsi>/Ics
 MGI:5608263 | C57BL/6N-Xbp1<tm1b(EUCOMM)Wtsi>/Ics
 MGI:5631692 | C57BL/6N-Xbp1<tm1b(EUCOMM)Wtsi>/Ics
 MGI:5631695 | C57BL/6N-Yars<tm1b(KOMP)Wtsi>/Tcp
 MGI:5631694 | C57BL/6N-Yars<tm1b(KOMP)Wtsi>/Tcp
 MGI:5631698 | C57BL/6N-Yipf5<tm1b(EUCOMM)Hmgu>/Ics
 MGI:5631697 | C57BL/6N-Yipf5<tm1b(EUCOMM)Hmgu>/Ics
 MGI:5608370 | C57BL/6N-Zcchc14<tm1a(KOMP)Wtsi>/Wtsi
 MGI:5608473 | C57BL/6N-Zfp182<tm1a(KOMP)Wtsi>/Wtsi
 MGI:5631704 | C57BL/6N-Zfp207<tm1b(EUCOMM)Hmgu>/H
 MGI:5631703 | C57BL/6N-Zfp207<tm1b(EUCOMM)Hmgu>/H
 MGI:5631705 | C57BL/6N-Zfp260<tm1b(NCOM)Mfgc>/Tcp
 MGI:5631710 | C57BL/6N-Zfp719<tm1b(EUCOMM)Wtsi>/Wtsi
 MGI:5642474 | C57BL/6N-Zfyve28<tm1b(EUCOMM)Wtsi>/Wtsi
 MGI:5631712 | C57BL/6N-Zkscan17<tm1b(EUCOMM)Wtsi>/Wtsi
 MGI:5631714 | C57BL/6N-Zranb1<tm1a(EUCOMM)Hmgu>/Ics
 MGI:5631715 | C57BL/6N-Zranb1<tm1b(EUCOMM)Hmgu>/Ics
 MGI:5701045 | C57BL/6N-Zscan10<tm2a(EUCOMM)Wtsi>/Wtsi
 MGI:5704626 | C57BL/6N-Zscan10<tm2a(EUCOMM)Wtsi>/Wtsi
 MGI:5631716 | C57BL/6N-Zscan10<tm2a(EUCOMM)Wtsi>/Wtsi
 MGI:5701837 | C57BL/6N-Zscan10<tm2a(EUCOMM)Wtsi>/Wtsi
 MGI:5703194 | C57BL/6N-Zscan10<tm2a(EUCOMM)Wtsi>/Wtsi
 MGI:5572050 | Not Specified
 MGI:5572053 | Not Specified
 MGI:5577277 | Not Specified
 MGI:5631405 | Not Specified
 MGI:5630821 | Not Specified
 MGI:5583097 | Not Specified
(1171 rows)

