The Jackson Laboratory - Mouse Genome Informatics - Mouse Genome Database (MGD)
Copyright 1996 The Jackson Laboratory
All Rights Reserved
Date Generated:  Tue Apr  6 08:32:58 EDT 1999
(SERVER=MGD;DATABASE=mgd)
(1957 rows affected)
(306 rows affected)
 
References which contain search terms from more than one category
 
 jnum        type                tag         accID                          
 ----------- -------- ---------- ----------- ------------------------------ 
        2294 cyto     TEXT                 1 MGI:42028                      
        2294 physical TEXT                 1 MGI:42028                      
        3288 cross    TEXT                 1 MGI:42300                      
        3288 physical TEXT                 1 MGI:42300                      
        3876 cross    TEXT                 6 MGI:47208                      
        3876 qtl      TEXT                 6 MGI:47208                      
        4487 cross    TEXT                 1 MGI:39563                      
        4487 cyto     TEXT                 1 MGI:39563                      
        4487 cross    TEXT                 2 MGI:44920                      
        4487 cyto     TEXT                 2 MGI:44920                      
        4623 cross    TEXT                 1 MGI:41896                      
        4623 cyto     TEXT                 1 MGI:41896                      
        8345 cross    TEXT                 1 MGI:40583                      
        8345 physical TEXT                 1 MGI:40583                      
        8526 cross    TEXT                 3 MGI:38260                      
        8526 physical TEXT                 3 MGI:38260                      
        8788 cross    TEXT                 1 MGI:39422                      
        8788 cyto     TEXT                 1 MGI:39422                      
        9942 cross    TEXT                 1 MGI:42995                      
        9942 physical TEXT                 1 MGI:42995                      
       10554 cross    TEXT                 1 MGI:39367                      
       10554 cyto     TEXT                 1 MGI:39367                      
       10686 cyto     TEXT                 1 MGI:41406                      
       10686 physical TEXT                 1 MGI:41406                      
       12911 cross    TEXT                 1 MGI:42478                      
       12911 physical TEXT                 1 MGI:42478                      
       13549 cross    TEXT                 1 MGI:42387                      
       13549 qtl      TEXT                 1 MGI:42387                      
       14189 cross    TEXT                 1 MGI:45757                      
       14189 qtl      TEXT                 1 MGI:45757                      
       14189 cross    TEXT                 2 MGI:45758                      
       14189 qtl      TEXT                 2 MGI:45758                      
       14189 cross    TEXT                 3 MGI:45759                      
       14189 qtl      TEXT                 3 MGI:45759                      
       14189 cross    TEXT                 4 MGI:45760                      
       14189 qtl      TEXT                 4 MGI:45760                      
       15703 cross    TEXT                 1 MGI:42671                      
       15703 qtl      TEXT                 1 MGI:42671                      
       16040 cross    TEXT                 1 MGI:43113                      
       16040 physical TEXT                 1 MGI:43113                      
       17491 cross    TEXT                 2 MGI:43177                      
       17491 qtl      TEXT                 2 MGI:43177                      
       17944 cross    TEXT                 1 MGI:43563                      
       17944 physical TEXT                 1 MGI:43563                      
       17972 cross    TEXT                 1 MGI:43448                      
       17972 qtl      TEXT                 1 MGI:43448                      
       17972 cross    TEXT                 2 MGI:43449                      
       17972 qtl      TEXT                 2 MGI:43449                      
       17972 cross    TEXT                 3 MGI:43450                      
       17972 qtl      TEXT                 3 MGI:43450                      
       18565 cross    TEXT                 1 MGI:46307                      
       18565 qtl      TEXT                 1 MGI:46307                      
       18646 cross    TEXT                 1 MGI:43581                      
       18646 cyto     TEXT                 1 MGI:43581                      
       19312 cross    TEXT                 1 MGI:44707                      
       19312 physical TEXT                 1 MGI:44707                      
       20129 cross    TEXT                 1 MGI:44044                      
       20129 qtl      TEXT                 1 MGI:44044                      
       20700 cross    TEXT                 1 MGI:44042                      
       20700 qtl      TEXT                 1 MGI:44042                      
       20700 cross    TEXT                 2 MGI:44043                      
       20700 qtl      TEXT                 2 MGI:44043                      
       20738 cross    TEXT                 1 MGI:44038                      
       20738 qtl      TEXT                 1 MGI:44038                      
       20738 cross    TEXT                 2 MGI:44039                      
       20738 qtl      TEXT                 2 MGI:44039                      
       20738 cross    TEXT                 3 MGI:44040                      
       20738 qtl      TEXT                 3 MGI:44040                      
       20790 cross    TEXT                 1 MGI:44381                      
       20790 physical TEXT                 1 MGI:44381                      
       22174 cross    TEXT                 1 MGI:45460                      
       22174 physical TEXT                 1 MGI:45460                      
       23257 cross    TEXT                 1 MGI:45526                      
       23257 physical TEXT                 1 MGI:45526                      
       23893 cross    TEXT                 1 MGI:45264                      
       23893 qtl      TEXT                 1 MGI:45264                      
       23893 cross    TEXT                 2 MGI:45268                      
       23893 qtl      TEXT                 2 MGI:45268                      
       24435 cross    TEXT                 1 MGI:45931                      
       24435 qtl      TEXT                 1 MGI:45931                      
       25623 cyto     TEXT                 1 MGI:45225                      
       25623 physical TEXT                 1 MGI:45225                      
       26734 cross    TEXT                 1 MGI:1321195                    
       26734 qtl      TEXT                 1 MGI:1321195                    
       26734 cross    TEXT                 2 MGI:1321196                    
       26734 qtl      TEXT                 2 MGI:1321196                    
       27733 cross    TEXT                 1 MGI:45836                      
       27733 qtl      TEXT                 1 MGI:45836                      
       27733 cross    TEXT                 2 MGI:45837                      
       27733 qtl      TEXT                 2 MGI:45837                      
       28409 cross    TEXT                15 MGI:46234                      
       28409 physical TEXT                15 MGI:46234                      
       29218 cross    TEXT                 2 MGI:46825                      
       29218 qtl      TEXT                 2 MGI:46825                      
       29231 cross    TEXT                 1 MGI:45761                      
       29231 qtl      TEXT                 1 MGI:45761                      
       29231 cross    TEXT                 2 MGI:45762                      
       29231 qtl      TEXT                 2 MGI:45762                      
       29231 cross    TEXT                 3 MGI:45763                      
       29231 qtl      TEXT                 3 MGI:45763                      
       29849 cross    TEXT                 1 MGI:45835                      
       29849 qtl      TEXT                 1 MGI:45835                      
       30546 cross    TEXT                 2 MGI:46213                      
       30546 physical TEXT                 2 MGI:46213                      
       30582 cross    TEXT                 1 MGI:46046                      
       30582 qtl      TEXT                 1 MGI:46046                      
       30582 cross    TEXT                 2 MGI:46047                      
       30582 qtl      TEXT                 2 MGI:46047                      
       30856 cross    TEXT                 1 MGI:46614                      
       30856 cyto     TEXT                 1 MGI:46614                      
       31507 cross    TEXT                 1 MGI:46306                      
       31507 qtl      TEXT                 1 MGI:46306                      
       32079 cross    TEXT                 1 MGI:46390                      
       32079 qtl      TEXT                 1 MGI:46390                      
       32082 cross    TEXT                 1 MGI:1096915                    
       32082 qtl      TEXT                 1 MGI:1096915                    
       32194 cross    TEXT                 1 MGI:46784                      
       32194 qtl      TEXT                 1 MGI:46784                      
       32718 cross    TEXT                 2 MGI:47951                      
       32718 physical TEXT                 2 MGI:47951                      
       32818 cross    TEXT                 1 MGI:46479                      
       32818 cyto     TEXT                 1 MGI:46479                      
       32818 physical TEXT                 1 MGI:46479                      
       32847 cyto     TEXT                 2 MGI:46474                      
       32847 physical TEXT                 2 MGI:46474                      
       33277 cross    TEXT                 1 MGI:47182                      
       33277 qtl      TEXT                 1 MGI:47182                      
       33277 cross    TEXT                 2 MGI:47183                      
       33277 qtl      TEXT                 2 MGI:47183                      
       33557 cross    TEXT                 2 MGI:46998                      
       33557 physical TEXT                 2 MGI:46998                      
       34892 cross    TEXT                 1 MGI:1321198                    
       34892 qtl      TEXT                 1 MGI:1321198                    
       34892 cross    TEXT                 2 MGI:1321199                    
       34892 qtl      TEXT                 2 MGI:1321199                    
       35460 cross    TEXT                 1 MGI:47487                      
       35460 qtl      TEXT                 1 MGI:47487                      
       36255 cross    TEXT                 1 MGI:47607                      
       36255 qtl      TEXT                 1 MGI:47607                      
       36997 cross    TEXT                 1 MGI:48005                      
       36997 qtl      TEXT                 1 MGI:48005                      
       36997 cross    TEXT                 2 MGI:48006                      
       36997 qtl      TEXT                 2 MGI:48006                      
       36997 cross    TEXT                 3 MGI:48007                      
       36997 qtl      TEXT                 3 MGI:48007                      
       36997 cross    TEXT                 4 MGI:48008                      
       36997 qtl      TEXT                 4 MGI:48008                      
       39617 cyto     TEXT                 1 MGI:48510                      
       39617 physical TEXT                 1 MGI:48510                      
       40351 cross    TEXT                 1 MGI:893516                     
       40351 physical TEXT                 1 MGI:893516                     
       40638 cross    TEXT                 1 MGI:1278424                    
       40638 qtl      TEXT                 1 MGI:1278424                    
       40771 cross    TEXT                 1 MGI:1095678                    
       40771 qtl      TEXT                 1 MGI:1095678                    
       40771 cross    TEXT                 2 MGI:1095681                    
       40771 qtl      TEXT                 2 MGI:1095681                    
       40771 cross    TEXT                 3 MGI:1095682                    
       40771 qtl      TEXT                 3 MGI:1095682                    
       40874 cross    TEXT                 1 MGI:1277526                    
       40874 qtl      TEXT                 1 MGI:1277526                    
       40874 cross    TEXT                 2 MGI:1277527                    
       40874 qtl      TEXT                 2 MGI:1277527                    
       41082 cyto     TEXT                 2 MGI:1095744                    
       41082 physical TEXT                 2 MGI:1095744                    
       41197 cross    TEXT                 2 MGI:1096484                    
       41197 qtl      TEXT                 2 MGI:1096484                    
       41249 cross    TEXT                 1 MGI:1100115                    
       41249 qtl      TEXT                 1 MGI:1100115                    
       41849 cross    TEXT                 1 MGI:1327567                    
       41849 qtl      TEXT                 1 MGI:1327567                    
       41849 cross    TEXT                 2 MGI:1327568                    
       41849 qtl      TEXT                 2 MGI:1327568                    
       41849 cross    TEXT                 3 MGI:1327569                    
       41849 qtl      TEXT                 3 MGI:1327569                    
       41849 cross    TEXT                 4 MGI:1327570                    
       41849 qtl      TEXT                 4 MGI:1327570                    
       42057 cross    TEXT                 3 MGI:1101163                    
       42057 physical TEXT                 3 MGI:1101163                    
       43137 cross    TEXT                 1 MGI:1099700                    
       43137 qtl      TEXT                 1 MGI:1099700                    
       43487 cross    TEXT                 1 MGI:1195374                    
       43487 qtl      TEXT                 1 MGI:1195374                    
       44129 cross    TEXT                 1 MGI:1196497                    
       44129 qtl      TEXT                 1 MGI:1196497                    
       44129 cross    TEXT                 2 MGI:1196499                    
       44129 qtl      TEXT                 2 MGI:1196499                    
       44129 cross    TEXT                 3 MGI:1196500                    
       44129 qtl      TEXT                 3 MGI:1196500                    
       44129 cross    TEXT                 4 MGI:1196504                    
       44129 qtl      TEXT                 4 MGI:1196504                    
       44129 cross    TEXT                 5 MGI:1196505                    
       44129 qtl      TEXT                 5 MGI:1196505                    
       44129 cross    TEXT                 6 MGI:1196506                    
       44129 qtl      TEXT                 6 MGI:1196506                    
       44414 cross    TEXT                 1 MGI:1101877                    
       44414 qtl      TEXT                 1 MGI:1101877                    
       44414 cross    TEXT                 2 MGI:1101878                    
       44414 qtl      TEXT                 2 MGI:1101878                    
       44650 cross    TEXT                 1 MGI:1316450                    
       44650 physical TEXT                 1 MGI:1316450                    
       44650 qtl      TEXT                 1 MGI:1316450                    
       44650 cross    TEXT                 2 MGI:1316451                    
       44650 qtl      TEXT                 2 MGI:1316451                    
       44966 cross    TEXT                 1 MGI:1289414                    
       44966 qtl      TEXT                 1 MGI:1289414                    
       45561 cyto     TEXT                 1 MGI:1197077                    
       45561 physical TEXT                 1 MGI:1197077                    
       45708 cross    TEXT                 2 MGI:1278420                    
       45708 qtl      TEXT                 2 MGI:1278420                    
       45708 cross    TEXT                 3 MGI:1278421                    
       45708 qtl      TEXT                 3 MGI:1278421                    
       45708 cross    TEXT                 4 MGI:1278422                    
       45708 qtl      TEXT                 4 MGI:1278422                    
       45708 cross    TEXT                 5 MGI:1278423                    
       45708 qtl      TEXT                 5 MGI:1278423                    
       45873 cross    TEXT                 1 MGI:1201556                    
       45873 qtl      TEXT                 1 MGI:1201556                    
       45873 cross    TEXT                 2 MGI:1201557                    
       45873 qtl      TEXT                 2 MGI:1201557                    
       46190 cross    TEXT                 1 MGI:1278425                    
       46190 qtl      TEXT                 1 MGI:1278425                    
       46300 cross    TEXT                 1 MGI:1203565                    
       46300 qtl      TEXT                 1 MGI:1203565                    
       47304 cyto     TEXT                 1 MGI:1307065                    
       47304 physical TEXT                 1 MGI:1307065                    
       47821 cross    TEXT                 1 MGI:1275054                    
       47821 qtl      TEXT                 1 MGI:1275054                    
       47821 cross    TEXT                 2 MGI:1275056                    
       47821 qtl      TEXT                 2 MGI:1275056                    
       47821 cross    TEXT                 3 MGI:1275057                    
       47821 qtl      TEXT                 3 MGI:1275057                    
       48305 cross    TEXT                 1 MGI:1277257                    
       48305 qtl      TEXT                 1 MGI:1277257                    
       48583 cross    TEXT                 1 MGI:1309633                    
       48583 cyto     TEXT                 1 MGI:1309633                    
       48583 physical TEXT                 1 MGI:1309633                    
       48686 cross    TEXT                 7 MGI:1321244                    
       48686 cyto     TEXT                 7 MGI:1321244                    
       48686 cross    TEXT                 9 MGI:1321246                    
       48686 cyto     TEXT                 9 MGI:1321246                    
       48686 cross    TEXT                11 MGI:1321248                    
       48686 cyto     TEXT                11 MGI:1321248                    
       48686 cross    TEXT                12 MGI:1321249                    
       48686 cyto     TEXT                12 MGI:1321249                    
       48686 cross    TEXT                13 MGI:1321250                    
       48686 cyto     TEXT                13 MGI:1321250                    
       48686 cross    TEXT                14 MGI:1321251                    
       48686 cyto     TEXT                14 MGI:1321251                    
       48704 cross    TEXT                 1 MGI:1298238                    
       48704 qtl      TEXT                 1 MGI:1298238                    
       48704 cross    TEXT                 2 MGI:1298239                    
       48704 qtl      TEXT                 2 MGI:1298239                    
       49578 cross    TEXT                 1 MGI:1321173                    
       49578 qtl      TEXT                 1 MGI:1321173                    
       49578 cross    TEXT                 2 MGI:1321174                    
       49578 qtl      TEXT                 2 MGI:1321174                    
       49578 cross    TEXT                 3 MGI:1321177                    
       49578 qtl      TEXT                 3 MGI:1321177                    
       49578 cross    TEXT                 4 MGI:1321178                    
       49578 qtl      TEXT                 4 MGI:1321178                    
       49578 cross    TEXT                 5 MGI:1321180                    
       49578 qtl      TEXT                 5 MGI:1321180                    
       49578 cross    TEXT                 6 MGI:1321182                    
       49578 qtl      TEXT                 6 MGI:1321182                    
       49578 cross    TEXT                 7 MGI:1321184                    
       49578 qtl      TEXT                 7 MGI:1321184                    
       49578 cross    TEXT                 8 MGI:1321186                    
       49578 qtl      TEXT                 8 MGI:1321186                    
       49578 cross    TEXT                 9 MGI:1321188                    
       49578 qtl      TEXT                 9 MGI:1321188                    
       49578 cross    TEXT                10 MGI:1321189                    
       49578 qtl      TEXT                10 MGI:1321189                    
       49578 cross    TEXT                11 MGI:1321190                    
       49578 qtl      TEXT                11 MGI:1321190                    
       49578 cross    TEXT                12 MGI:1321191                    
       49578 qtl      TEXT                12 MGI:1321191                    
       49578 cross    TEXT                13 MGI:1321192                    
       49578 qtl      TEXT                13 MGI:1321192                    
       49578 cross    TEXT                14 MGI:1321193                    
       49578 qtl      TEXT                14 MGI:1321193                    
       49578 cross    TEXT                15 MGI:1321194                    
       49578 qtl      TEXT                15 MGI:1321194                    
       49710 cross    TEXT                 1 MGI:1330468                    
       49710 qtl      TEXT                 1 MGI:1330468                    
       49710 cross    TEXT                 2 MGI:1330470                    
       49710 qtl      TEXT                 2 MGI:1330470                    
       49710 cross    TEXT                 3 MGI:1330472                    
       49710 qtl      TEXT                 3 MGI:1330472                    
       49710 cross    TEXT                 4 MGI:1330487                    
       49710 qtl      TEXT                 4 MGI:1330487                    
       49763 cyto     TEXT                 1 MGI:1320948                    
       49763 physical TEXT                 1 MGI:1320948                    
       51890 cross    TEXT                 2 MGI:1333392                    
       51890 physical TEXT                 2 MGI:1333392                    
       52086 cross    TEXT                 1 MGI:1330427                    
       52086 qtl      TEXT                 1 MGI:1330427                    
       52086 cross    TEXT                 2 MGI:1330430                    
       52086 qtl      TEXT                 2 MGI:1330430                    
       52086 cross    TEXT                 3 MGI:1330432                    
       52086 qtl      TEXT                 3 MGI:1330432                    
       53010 cross    TEXT                 1 MGI:1332572                    
       53010 physical TEXT                 1 MGI:1332572                    
       53010 qtl      TEXT                 1 MGI:1332572                    
       53010 cross    TEXT                 2 MGI:1332573                    
       53010 qtl      TEXT                 2 MGI:1332573                    

(306 rows affected)

WARRANTY DISCLAIMER AND COPYRIGHT NOTICE
THE JACKSON LABORATORY MAKES NO REPRESENTATION ABOUT THE SUITABILITY OR
ACCURACY OF THIS SOFTWARE OR DATA FOR ANY PURPOSE, AND MAKES NO WARRANTIES,
EITHER EXPRESS OR IMPLIED, INCLUDING THE WARRANTIES OF MERCHANTABILITY AND 
FITNESS FOR A PARTICULAR PURPOSE OR THAT THE USE OF THIS SOFTWARE OR DATA
WILL NOT INFRINGE ANY THIRD PARTY PATENTS, COPYRIGHTS, TRADEMARKS OF OTHER
RIGHTS.  IT IS PROVIDED "AS IS."

This software and data is provided as a service to the scientific community
to be used only for research and educational purposes.  Any commercial
reproduction is prohibited without the prior written permission of The
Jackson Laboratory.

Copyright 1996 The Jackson Laboratory
All Rights Reserved

